../Core/Src/main.c:150:16:CDC_Transmit_Blocking	3
../Core/Src/main.c:167:13:SendStatusLine	1
../Core/Src/main.c:172:16:CDC_WaitForTxReady	3
../Core/Src/main.c:187:13:PrepareFrameHeader	1
../Core/Src/main.c:203:16:AcquireFrameSlot	5
../Core/Src/main.c:230:16:FindNextReadyFrameSlot	3
../Core/Src/main.c:247:13:ReleaseFrameSlot	1
../Core/Src/main.c:255:13:AbortActiveCapture	4
../Core/Src/main.c:272:13:StartFrameCaptureFromIcgEdge	6
../Core/Src/main.c:313:16:SendFrameSlot	2
../Core/Src/main.c:336:5:main	10
../Core/Src/main.c:433:13:MX_DMA_Init	1
../Core/Src/main.c:445:6:SystemClock_Config	3
../Core/Src/main.c:491:13:MX_ADC1_Init	3
../Core/Src/main.c:543:13:MX_TIM1_Init	7
../Core/Src/main.c:618:13:MX_TIM2_Init	6
../Core/Src/main.c:677:13:MX_TIM3_Init	6
../Core/Src/main.c:737:13:MX_TIM4_Init	6
../Core/Src/main.c:798:13:MX_TIM5_Init	4
../Core/Src/main.c:842:13:MX_GPIO_Init	1
../Core/Src/main.c:871:6:HAL_ADC_ConvHalfCpltCallback	2
../Core/Src/main.c:879:6:HAL_ADC_ConvCpltCallback	5
../Core/Src/main.c:900:6:HAL_TIM_PeriodElapsedCallback	2
../Core/Src/main.c:909:6:HAL_TIM_PWM_PulseFinishedCallback	4
../Core/Src/main.c:924:6:Error_Handler	1
