2026-04-19 19:51:25,073 INFO kivy: GL: NPOT texture support is available
2026-04-19 19:51:25,379 INFO kivy: Base: Start application main loop
2026-04-19 19:51:27,731 INFO kivy: WindowSDL: Window is now on display 2
2026-04-19 19:55:24,634 INFO kivy: Base: Leaving application in progress...
2026-04-19 19:55:27,970 INFO kivy: GL: NPOT texture support is available
2026-04-19 19:55:28,245 INFO kivy: Base: Start application main loop
2026-04-19 19:56:31,084 INFO kivy: WindowSDL: Window is now on display 2
2026-04-19 20:05:53,551 INFO kivy: Base: Leaving application in progress...
2026-04-19 20:05:57,542 INFO kivy: GL: NPOT texture support is available
2026-04-19 20:05:57,818 INFO kivy: Base: Start application main loop
2026-04-19 20:06:01,525 INFO kivy: WindowSDL: Window is now on display 2
2026-04-19 20:10:28,020 INFO kivy: Base: Leaving application in progress...
2026-04-19 20:10:35,353 INFO kivy: GL: NPOT texture support is available
2026-04-19 20:10:35,635 INFO kivy: Base: Start application main loop
2026-04-19 20:10:37,054 INFO kivy: WindowSDL: Window is now on display 2
2026-04-19 20:13:57,295 INFO kivy: Base: Leaving application in progress...
2026-04-19 20:37:17,749 INFO kivy: GL: NPOT texture support is available
2026-04-19 20:37:18,049 INFO kivy: Base: Start application main loop
2026-04-19 20:37:34,562 WARNING kivy: stderr: Exception in thread serial-reader:
2026-04-19 20:37:34,572 WARNING kivy: stderr: Traceback (most recent call last):
2026-04-19 20:37:34,573 WARNING kivy: stderr:   File "C:\Program Files\WindowsApps\PythonSoftwareFoundation.Python.3.13_3.13.3568.0_x64__qbz5n2kfra8p0\Lib\threading.py", line 1044, in _bootstrap_inner
2026-04-19 20:37:34,573 WARNING kivy: stderr:     self.run()
2026-04-19 20:37:34,573 WARNING kivy: stderr:     ~~~~~~~~^^
2026-04-19 20:37:34,573 WARNING kivy: stderr:   File "C:\Program Files\WindowsApps\PythonSoftwareFoundation.Python.3.13_3.13.3568.0_x64__qbz5n2kfra8p0\Lib\threading.py", line 995, in run
2026-04-19 20:37:34,574 WARNING kivy: stderr:     self._target(*self._args, **self._kwargs)
2026-04-19 20:37:34,574 WARNING kivy: stderr:     ~~~~~~~~~~~~^^^^^^^^^^^^^^^^^^^^^^^^^^^^^
2026-04-19 20:37:34,574 WARNING kivy: stderr:   File "C:\Users\ralel\OneDrive\GitHub\VIS-NIR_Spec_Spring26\PythonGUI\backend\device\serial_transport.py", line 104, in _reader_loop
2026-04-19 20:37:34,574 WARNING kivy: stderr:     chunk = serial_handle.read(max(1, serial_handle.in_waiting or 1))
2026-04-19 20:37:34,574 WARNING kivy: stderr:   File "C:\Users\ralel\OneDrive\GitHub\VIS-NIR_Spec_Spring26\PythonGUI\.venv\Lib\site-packages\serial\serialwin32.py", line 285, in read
2026-04-19 20:37:34,574 WARNING kivy: stderr:     ctypes.byref(self._overlapped_read))
2026-04-19 20:37:34,574 WARNING kivy: stderr:     ~~~~~~~~~~~~^^^^^^^^^^^^^^^^^^^^^^^
2026-04-19 20:37:34,574 WARNING kivy: stderr: TypeError: byref() argument must be a ctypes instance, not 'NoneType'
2026-04-19 20:41:13,492 INFO kivy: Base: Leaving application in progress...
2026-04-19 20:41:16,833 INFO kivy: GL: NPOT texture support is available
2026-04-19 20:41:17,145 INFO kivy: Base: Start application main loop
2026-04-19 20:48:18,912 INFO kivy: WindowSDL: Window is now on display 2
2026-04-19 20:49:56,917 INFO kivy: WindowSDL: Window is now on display 0
2026-04-19 20:51:19,351 INFO kivy: Base: Leaving application in progress...
2026-04-19 21:01:17,065 INFO kivy: GL: NPOT texture support is available
2026-04-19 21:01:17,367 INFO kivy: Base: Start application main loop
2026-04-19 21:06:06,093 INFO kivy: WindowSDL: Window is now on display 2
2026-04-19 21:14:45,926 INFO kivy: WindowSDL: Window is now on display 0
2026-04-19 21:14:45,926 INFO kivy: WindowSDL: Window is now on display 2
2026-04-19 21:14:45,933 INFO kivy: WindowSDL: Window is now on display 0
2026-04-19 21:19:20,015 INFO kivy: Base: Leaving application in progress...
2026-04-19 21:19:26,899 INFO kivy: GL: NPOT texture support is available
2026-04-19 21:19:27,202 INFO kivy: Base: Start application main loop
2026-04-19 21:21:26,955 INFO kivy: WindowSDL: Window is now on display 1
2026-04-19 21:21:26,955 INFO kivy: WindowSDL: Window is now on display 0
2026-04-19 21:22:27,950 INFO kivy: WindowSDL: Window is now on display 1
2026-04-19 21:22:27,950 INFO kivy: WindowSDL: Window is now on display 0
2026-04-19 21:22:27,951 INFO kivy: WindowSDL: Window is now on display 2
2026-04-19 21:22:57,479 INFO kivy: WindowSDL: Window is now on display 0
2026-04-19 21:23:28,382 INFO kivy: WindowSDL: Window is now on display 2
2026-04-19 21:40:15,315 INFO kivy: WindowSDL: Window is now on display 0
2026-04-19 21:40:17,616 INFO kivy: Base: Leaving application in progress...
2026-04-19 21:40:22,057 INFO kivy: GL: NPOT texture support is available
2026-04-19 21:40:22,351 INFO kivy: Base: Start application main loop
2026-04-19 21:42:48,254 INFO kivy: WindowSDL: Window is now on display 1
2026-04-19 21:42:48,254 INFO kivy: WindowSDL: Window is now on display 0
2026-04-19 21:42:48,274 INFO kivy: WindowSDL: Window is now on display 2
2026-04-19 21:44:19,810 INFO kivy: Base: Leaving application in progress...
2026-04-19 21:44:23,873 INFO kivy: GL: NPOT texture support is available
2026-04-19 21:44:24,166 INFO kivy: Base: Start application main loop
2026-04-19 21:56:11,958 INFO kivy: Base: Leaving application in progress...
2026-04-19 21:56:15,773 INFO kivy: GL: NPOT texture support is available
2026-04-19 21:56:15,878 WARNING kivy: stderr: Traceback (most recent call last):
2026-04-19 21:56:15,879 WARNING kivy: stderr:   File "C:\Users\ralel\OneDrive\GitHub\VIS-NIR_Spec_Spring26\PythonGUI\desktop_app.py", line 49, in <module>
2026-04-19 21:56:15,879 WARNING kivy: stderr:     main()
2026-04-19 21:56:15,879 WARNING kivy: stderr:     ~~~~^^
2026-04-19 21:56:15,880 WARNING kivy: stderr:   File "C:\Users\ralel\OneDrive\GitHub\VIS-NIR_Spec_Spring26\PythonGUI\desktop_app.py", line 45, in main
2026-04-19 21:56:15,880 WARNING kivy: stderr:     run_desktop_app(runtime)
2026-04-19 21:56:15,880 WARNING kivy: stderr:     ~~~~~~~~~~~~~~~^^^^^^^^^
2026-04-19 21:56:15,880 WARNING kivy: stderr:   File "C:\Users\ralel\OneDrive\GitHub\VIS-NIR_Spec_Spring26\PythonGUI\frontend\kivy_app.py", line 3644, in run_desktop_app
2026-04-19 21:56:15,880 WARNING kivy: stderr:     DesktopSpectrometerApp(runtime).run()
2026-04-19 21:56:15,881 WARNING kivy: stderr:     ~~~~~~~~~~~~~~~~~~~~~~~~~~~~~~~~~~~^^
2026-04-19 21:56:15,881 WARNING kivy: stderr:   File "C:\Users\ralel\OneDrive\GitHub\VIS-NIR_Spec_Spring26\PythonGUI\.venv\Lib\site-packages\kivy\app.py", line 955, in run
2026-04-19 21:56:15,881 WARNING kivy: stderr:     self._run_prepare()
2026-04-19 21:56:15,881 WARNING kivy: stderr:     ~~~~~~~~~~~~~~~~~^^
2026-04-19 21:56:15,882 WARNING kivy: stderr:   File "C:\Users\ralel\OneDrive\GitHub\VIS-NIR_Spec_Spring26\PythonGUI\.venv\Lib\site-packages\kivy\app.py", line 925, in _run_prepare
2026-04-19 21:56:15,882 WARNING kivy: stderr:     root = self.build()
2026-04-19 21:56:15,882 WARNING kivy: stderr:   File "C:\Users\ralel\OneDrive\GitHub\VIS-NIR_Spec_Spring26\PythonGUI\frontend\kivy_app.py", line 1831, in build
2026-04-19 21:56:15,882 WARNING kivy: stderr:     text=self._spectrogram_time_window_display_text(
2026-04-19 21:56:15,882 WARNING kivy: stderr:          ~~~~~~~~~~~~~~~~~~~~~~~~~~~~~~~~~~~~~~~~~~^
2026-04-19 21:56:15,883 WARNING kivy: stderr:         self.runtime.state_manager.get_user_config().ui.spectrogram_time_window_s
2026-04-19 21:56:15,883 WARNING kivy: stderr:         ^^^^^^^^^^^^^^^^^^^^^^^^^^^^^^^^^^^^^^^^^^^^^^^^^^^^^^^^^^^^^^^^^^^^^^^^^
2026-04-19 21:56:15,883 WARNING kivy: stderr:     ),
2026-04-19 21:56:15,883 WARNING kivy: stderr:     ^
2026-04-19 21:56:15,883 WARNING kivy: stderr: TypeError: DesktopSpectrometerApp._spectrogram_time_window_display_text() takes 1 positional argument but 2 were given
2026-04-19 21:56:22,094 INFO kivy: GL: NPOT texture support is available
2026-04-19 21:56:22,199 WARNING kivy: stderr: Traceback (most recent call last):
2026-04-19 21:56:22,200 WARNING kivy: stderr:   File "C:\Users\ralel\OneDrive\GitHub\VIS-NIR_Spec_Spring26\PythonGUI\desktop_app.py", line 49, in <module>
2026-04-19 21:56:22,200 WARNING kivy: stderr:     main()
2026-04-19 21:56:22,200 WARNING kivy: stderr:     ~~~~^^
2026-04-19 21:56:22,200 WARNING kivy: stderr:   File "C:\Users\ralel\OneDrive\GitHub\VIS-NIR_Spec_Spring26\PythonGUI\desktop_app.py", line 45, in main
2026-04-19 21:56:22,200 WARNING kivy: stderr:     run_desktop_app(runtime)
2026-04-19 21:56:22,200 WARNING kivy: stderr:     ~~~~~~~~~~~~~~~^^^^^^^^^
2026-04-19 21:56:22,200 WARNING kivy: stderr:   File "C:\Users\ralel\OneDrive\GitHub\VIS-NIR_Spec_Spring26\PythonGUI\frontend\kivy_app.py", line 3644, in run_desktop_app
2026-04-19 21:56:22,200 WARNING kivy: stderr:     DesktopSpectrometerApp(runtime).run()
2026-04-19 21:56:22,200 WARNING kivy: stderr:     ~~~~~~~~~~~~~~~~~~~~~~~~~~~~~~~~~~~^^
2026-04-19 21:56:22,201 WARNING kivy: stderr:   File "C:\Users\ralel\OneDrive\GitHub\VIS-NIR_Spec_Spring26\PythonGUI\.venv\Lib\site-packages\kivy\app.py", line 955, in run
2026-04-19 21:56:22,201 WARNING kivy: stderr:     self._run_prepare()
2026-04-19 21:56:22,201 WARNING kivy: stderr:     ~~~~~~~~~~~~~~~~~^^
2026-04-19 21:56:22,201 WARNING kivy: stderr:   File "C:\Users\ralel\OneDrive\GitHub\VIS-NIR_Spec_Spring26\PythonGUI\.venv\Lib\site-packages\kivy\app.py", line 925, in _run_prepare
2026-04-19 21:56:22,201 WARNING kivy: stderr:     root = self.build()
2026-04-19 21:56:22,201 WARNING kivy: stderr:   File "C:\Users\ralel\OneDrive\GitHub\VIS-NIR_Spec_Spring26\PythonGUI\frontend\kivy_app.py", line 1831, in build
2026-04-19 21:56:22,201 WARNING kivy: stderr:     text=self._spectrogram_time_window_display_text(
2026-04-19 21:56:22,201 WARNING kivy: stderr:          ~~~~~~~~~~~~~~~~~~~~~~~~~~~~~~~~~~~~~~~~~~^
2026-04-19 21:56:22,201 WARNING kivy: stderr:         self.runtime.state_manager.get_user_config().ui.spectrogram_time_window_s
2026-04-19 21:56:22,201 WARNING kivy: stderr:         ^^^^^^^^^^^^^^^^^^^^^^^^^^^^^^^^^^^^^^^^^^^^^^^^^^^^^^^^^^^^^^^^^^^^^^^^^
2026-04-19 21:56:22,201 WARNING kivy: stderr:     ),
2026-04-19 21:56:22,202 WARNING kivy: stderr:     ^
2026-04-19 21:56:22,202 WARNING kivy: stderr: TypeError: DesktopSpectrometerApp._spectrogram_time_window_display_text() takes 1 positional argument but 2 were given
2026-04-19 21:57:38,090 INFO kivy: GL: NPOT texture support is available
2026-04-19 21:57:38,397 INFO kivy: Base: Start application main loop
2026-04-19 22:01:09,770 INFO kivy: Base: Leaving application in progress...
2026-04-19 22:01:13,528 INFO kivy: GL: NPOT texture support is available
2026-04-19 22:01:13,831 INFO kivy: Base: Start application main loop
2026-04-19 22:11:23,314 INFO kivy: Base: Leaving application in progress...
2026-04-19 22:15:20,439 INFO kivy: GL: NPOT texture support is available
2026-04-19 22:15:20,749 INFO kivy: Base: Start application main loop
2026-04-19 22:17:35,636 INFO kivy: Base: Leaving application in progress...
2026-04-19 22:17:39,384 INFO kivy: GL: NPOT texture support is available
2026-04-19 22:17:39,684 INFO kivy: Base: Start application main loop
2026-04-19 22:18:04,750 INFO kivy: Clipboard: Provider: winctypes
2026-04-19 22:20:24,097 INFO kivy: Base: Leaving application in progress...
2026-04-19 22:20:36,192 INFO kivy: GL: NPOT texture support is available
2026-04-19 22:20:36,497 INFO kivy: Base: Start application main loop
2026-04-19 22:27:45,876 INFO kivy: Base: Leaving application in progress...
2026-04-19 22:27:50,605 INFO kivy: GL: NPOT texture support is available
2026-04-19 22:27:50,899 INFO kivy: Base: Start application main loop
2026-04-19 22:47:45,774 INFO kivy: Base: Leaving application in progress...
2026-04-20 13:13:42,886 INFO kivy: GL: NPOT texture support is available
2026-04-20 13:13:43,870 INFO kivy: Base: Start application main loop
2026-04-20 14:49:46,146 INFO kivy: Clipboard: Provider: winctypes
2026-04-21 12:46:57,544 INFO kivy: Base: Leaving application in progress...
2026-04-21 14:29:14,101 INFO kivy: GL: NPOT texture support is available
2026-04-21 14:29:14,370 INFO kivy: Base: Start application main loop
2026-04-21 14:33:23,606 INFO kivy: Base: Leaving application in progress...
2026-04-21 14:39:33,477 INFO kivy: GL: NPOT texture support is available
2026-04-21 14:39:33,721 INFO kivy: Base: Start application main loop
2026-04-21 14:58:15,837 INFO kivy: Base: Leaving application in progress...
2026-04-21 15:05:10,691 INFO kivy: GL: NPOT texture support is available
2026-04-21 15:05:10,949 INFO kivy: Base: Start application main loop
2026-04-21 15:26:53,626 INFO kivy: Base: Leaving application in progress...
2026-04-21 17:14:52,229 INFO kivy: GL: NPOT texture support is available
2026-04-21 17:14:52,548 INFO kivy: Base: Start application main loop
2026-04-21 17:15:37,951 INFO kivy: WindowSDL: Window is now on display 1
2026-04-21 17:15:37,951 INFO kivy: WindowSDL: Window is now on display 0
2026-04-21 17:15:37,953 INFO kivy: WindowSDL: Window is now on display 1
2026-04-21 21:22:01,035 INFO kivy: Base: Leaving application in progress...
2026-04-29 02:04:13,013 INFO kivy: GL: NPOT texture support is available
2026-04-29 02:04:13,309 INFO kivy: Base: Start application main loop
2026-04-29 02:04:51,365 INFO kivy: WindowSDL: Window is now on display 1
2026-04-29 02:04:51,366 INFO kivy: WindowSDL: Window is now on display 0
2026-04-29 02:04:51,367 INFO kivy: WindowSDL: Window is now on display 1
2026-04-29 03:13:21,013 INFO kivy: WindowSDL: Window is now on display 0
2026-04-29 03:14:37,726 INFO kivy: Clipboard: Provider: winctypes
2026-04-29 03:33:55,838 INFO kivy: WindowSDL: Window is now on display 1
2026-04-29 03:33:55,838 INFO kivy: WindowSDL: Window is now on display 0
2026-04-29 03:33:55,839 INFO kivy: WindowSDL: Window is now on display 1
2026-04-29 03:34:15,080 INFO kivy: WindowSDL: Window is now on display 0
2026-04-29 05:20:14,333 INFO kivy: WindowSDL: Window is now on display 1
2026-04-29 05:27:44,669 INFO kivy: Base: Leaving application in progress...
2026-04-29 05:29:37,891 INFO kivy: GL: NPOT texture support is available
2026-04-29 05:29:38,172 INFO kivy: Base: Start application main loop
2026-04-29 05:32:25,767 INFO kivy: Base: Leaving application in progress...
2026-05-03 15:16:56,118 INFO kivy: GL: NPOT texture support is available
2026-05-03 15:16:56,855 INFO kivy: Base: Start application main loop
2026-05-03 15:20:16,062 INFO kivy: Base: Leaving application in progress...
2026-05-03 15:20:16,182 WARNING kivy: stderr: Exception in thread serial-reader:
2026-05-03 15:20:16,503 WARNING kivy: stderr: Traceback (most recent call last):
2026-05-03 15:20:16,504 WARNING kivy: stderr:   File "C:\Program Files\WindowsApps\PythonSoftwareFoundation.Python.3.13_3.13.3568.0_x64__qbz5n2kfra8p0\Lib\threading.py", line 1044, in _bootstrap_inner
2026-05-03 15:20:16,505 WARNING kivy: stderr:     self.run()
2026-05-03 15:20:16,505 WARNING kivy: stderr:     ~~~~~~~~^^
2026-05-03 15:20:16,506 WARNING kivy: stderr:   File "C:\Program Files\WindowsApps\PythonSoftwareFoundation.Python.3.13_3.13.3568.0_x64__qbz5n2kfra8p0\Lib\threading.py", line 995, in run
2026-05-03 15:20:16,506 WARNING kivy: stderr:     self._target(*self._args, **self._kwargs)
2026-05-03 15:20:16,506 WARNING kivy: stderr:     ~~~~~~~~~~~~^^^^^^^^^^^^^^^^^^^^^^^^^^^^^
2026-05-03 15:20:16,506 WARNING kivy: stderr:   File "C:\Users\ralel\OneDrive\GitHub\VIS-NIR_Spec_Spring26\PythonGUI\backend\device\serial_transport.py", line 104, in _reader_loop
2026-05-03 15:20:16,507 WARNING kivy: stderr:     chunk = serial_handle.read(max(1, serial_handle.in_waiting or 1))
2026-05-03 15:20:16,507 WARNING kivy: stderr:   File "C:\Users\ralel\OneDrive\GitHub\VIS-NIR_Spec_Spring26\PythonGUI\.venv\Lib\site-packages\serial\serialwin32.py", line 290, in read
2026-05-03 15:20:16,507 WARNING kivy: stderr:     ctypes.byref(self._overlapped_read),
2026-05-03 15:20:16,508 WARNING kivy: stderr:     ~~~~~~~~~~~~^^^^^^^^^^^^^^^^^^^^^^^
2026-05-03 15:20:16,508 WARNING kivy: stderr: TypeError: byref() argument must be a ctypes instance, not 'NoneType'
2026-05-04 13:33:51,667 INFO kivy: GL: NPOT texture support is available
2026-05-04 13:33:52,027 INFO kivy: Base: Start application main loop
2026-05-04 13:38:43,318 INFO kivy: Clipboard: Provider: winctypes
2026-05-04 13:47:49,531 ERROR vis_nir_spec: Failed to connect to serial device.
Traceback (most recent call last):
  File "C:\Users\ralel\OneDrive\GitHub\VIS-NIR_Spec_Spring26\PythonGUI\backend\core\command_service.py", line 83, in connect
    self._transport.connect(
    ~~~~~~~~~~~~~~~~~~~~~~~^
        port=selected_port,
        ^^^^^^^^^^^^^^^^^^^
        timeout_s=config.serial.timeout_s,
        ^^^^^^^^^^^^^^^^^^^^^^^^^^^^^^^^^^
    )
    ^
  File "C:\Users\ralel\OneDrive\GitHub\VIS-NIR_Spec_Spring26\PythonGUI\backend\device\serial_transport.py", line 41, in connect
    self._serial = serial.Serial(
                   ~~~~~~~~~~~~~^
        port=selected_port,
        ^^^^^^^^^^^^^^^^^^^
        baudrate=baudrate,
        ^^^^^^^^^^^^^^^^^^
        timeout=timeout_s,
        ^^^^^^^^^^^^^^^^^^
    )
    ^
  File "C:\Users\ralel\OneDrive\GitHub\VIS-NIR_Spec_Spring26\PythonGUI\.venv\Lib\site-packages\serial\serialwin32.py", line 33, in __init__
    super(Serial, self).__init__(*args, **kwargs)
    ~~~~~~~~~~~~~~~~~~~~~~~~~~~~^^^^^^^^^^^^^^^^^
  File "C:\Users\ralel\OneDrive\GitHub\VIS-NIR_Spec_Spring26\PythonGUI\.venv\Lib\site-packages\serial\serialutil.py", line 244, in __init__
    self.open()
    ~~~~~~~~~^^
  File "C:\Users\ralel\OneDrive\GitHub\VIS-NIR_Spec_Spring26\PythonGUI\.venv\Lib\site-packages\serial\serialwin32.py", line 64, in open
    raise SerialException("could not open port {!r}: {!r}".format(self.portstr, ctypes.WinError()))
serial.serialutil.SerialException: could not open port 'COM3': FileNotFoundError(2, 'The system cannot find the file specified.', None, 2)
2026-05-04 13:47:51,763 ERROR vis_nir_spec: Failed to connect to serial device.
Traceback (most recent call last):
  File "C:\Users\ralel\OneDrive\GitHub\VIS-NIR_Spec_Spring26\PythonGUI\backend\core\command_service.py", line 83, in connect
    self._transport.connect(
    ~~~~~~~~~~~~~~~~~~~~~~~^
        port=selected_port,
        ^^^^^^^^^^^^^^^^^^^
        timeout_s=config.serial.timeout_s,
        ^^^^^^^^^^^^^^^^^^^^^^^^^^^^^^^^^^
    )
    ^
  File "C:\Users\ralel\OneDrive\GitHub\VIS-NIR_Spec_Spring26\PythonGUI\backend\device\serial_transport.py", line 41, in connect
    self._serial = serial.Serial(
                   ~~~~~~~~~~~~~^
        port=selected_port,
        ^^^^^^^^^^^^^^^^^^^
        baudrate=baudrate,
        ^^^^^^^^^^^^^^^^^^
        timeout=timeout_s,
        ^^^^^^^^^^^^^^^^^^
    )
    ^
  File "C:\Users\ralel\OneDrive\GitHub\VIS-NIR_Spec_Spring26\PythonGUI\.venv\Lib\site-packages\serial\serialwin32.py", line 33, in __init__
    super(Serial, self).__init__(*args, **kwargs)
    ~~~~~~~~~~~~~~~~~~~~~~~~~~~~^^^^^^^^^^^^^^^^^
  File "C:\Users\ralel\OneDrive\GitHub\VIS-NIR_Spec_Spring26\PythonGUI\.venv\Lib\site-packages\serial\serialutil.py", line 244, in __init__
    self.open()
    ~~~~~~~~~^^
  File "C:\Users\ralel\OneDrive\GitHub\VIS-NIR_Spec_Spring26\PythonGUI\.venv\Lib\site-packages\serial\serialwin32.py", line 64, in open
    raise SerialException("could not open port {!r}: {!r}".format(self.portstr, ctypes.WinError()))
serial.serialutil.SerialException: could not open port 'COM3': FileNotFoundError(2, 'The system cannot find the file specified.', None, 2)
2026-05-04 13:48:00,875 ERROR vis_nir_spec: Failed to connect to serial device.
Traceback (most recent call last):
  File "C:\Users\ralel\OneDrive\GitHub\VIS-NIR_Spec_Spring26\PythonGUI\backend\core\command_service.py", line 83, in connect
    self._transport.connect(
    ~~~~~~~~~~~~~~~~~~~~~~~^
        port=selected_port,
        ^^^^^^^^^^^^^^^^^^^
        timeout_s=config.serial.timeout_s,
        ^^^^^^^^^^^^^^^^^^^^^^^^^^^^^^^^^^
    )
    ^
  File "C:\Users\ralel\OneDrive\GitHub\VIS-NIR_Spec_Spring26\PythonGUI\backend\device\serial_transport.py", line 41, in connect
    self._serial = serial.Serial(
                   ~~~~~~~~~~~~~^
        port=selected_port,
        ^^^^^^^^^^^^^^^^^^^
        baudrate=baudrate,
        ^^^^^^^^^^^^^^^^^^
        timeout=timeout_s,
        ^^^^^^^^^^^^^^^^^^
    )
    ^
  File "C:\Users\ralel\OneDrive\GitHub\VIS-NIR_Spec_Spring26\PythonGUI\.venv\Lib\site-packages\serial\serialwin32.py", line 33, in __init__
    super(Serial, self).__init__(*args, **kwargs)
    ~~~~~~~~~~~~~~~~~~~~~~~~~~~~^^^^^^^^^^^^^^^^^
  File "C:\Users\ralel\OneDrive\GitHub\VIS-NIR_Spec_Spring26\PythonGUI\.venv\Lib\site-packages\serial\serialutil.py", line 244, in __init__
    self.open()
    ~~~~~~~~~^^
  File "C:\Users\ralel\OneDrive\GitHub\VIS-NIR_Spec_Spring26\PythonGUI\.venv\Lib\site-packages\serial\serialwin32.py", line 64, in open
    raise SerialException("could not open port {!r}: {!r}".format(self.portstr, ctypes.WinError()))
serial.serialutil.SerialException: could not open port 'COM3': FileNotFoundError(2, 'The system cannot find the file specified.', None, 2)
2026-05-04 13:48:14,454 ERROR vis_nir_spec: Failed to connect to serial device.
Traceback (most recent call last):
  File "C:\Users\ralel\OneDrive\GitHub\VIS-NIR_Spec_Spring26\PythonGUI\backend\core\command_service.py", line 83, in connect
    self._transport.connect(
    ~~~~~~~~~~~~~~~~~~~~~~~^
        port=selected_port,
        ^^^^^^^^^^^^^^^^^^^
        timeout_s=config.serial.timeout_s,
        ^^^^^^^^^^^^^^^^^^^^^^^^^^^^^^^^^^
    )
    ^
  File "C:\Users\ralel\OneDrive\GitHub\VIS-NIR_Spec_Spring26\PythonGUI\backend\device\serial_transport.py", line 41, in connect
    self._serial = serial.Serial(
                   ~~~~~~~~~~~~~^
        port=selected_port,
        ^^^^^^^^^^^^^^^^^^^
        baudrate=baudrate,
        ^^^^^^^^^^^^^^^^^^
        timeout=timeout_s,
        ^^^^^^^^^^^^^^^^^^
    )
    ^
  File "C:\Users\ralel\OneDrive\GitHub\VIS-NIR_Spec_Spring26\PythonGUI\.venv\Lib\site-packages\serial\serialwin32.py", line 33, in __init__
    super(Serial, self).__init__(*args, **kwargs)
    ~~~~~~~~~~~~~~~~~~~~~~~~~~~~^^^^^^^^^^^^^^^^^
  File "C:\Users\ralel\OneDrive\GitHub\VIS-NIR_Spec_Spring26\PythonGUI\.venv\Lib\site-packages\serial\serialutil.py", line 244, in __init__
    self.open()
    ~~~~~~~~~^^
  File "C:\Users\ralel\OneDrive\GitHub\VIS-NIR_Spec_Spring26\PythonGUI\.venv\Lib\site-packages\serial\serialwin32.py", line 64, in open
    raise SerialException("could not open port {!r}: {!r}".format(self.portstr, ctypes.WinError()))
serial.serialutil.SerialException: could not open port 'COM3': FileNotFoundError(2, 'The system cannot find the file specified.', None, 2)
2026-05-04 13:48:29,250 ERROR vis_nir_spec: Failed to connect to serial device.
Traceback (most recent call last):
  File "C:\Users\ralel\OneDrive\GitHub\VIS-NIR_Spec_Spring26\PythonGUI\backend\core\command_service.py", line 83, in connect
    self._transport.connect(
    ~~~~~~~~~~~~~~~~~~~~~~~^
        port=selected_port,
        ^^^^^^^^^^^^^^^^^^^
        timeout_s=config.serial.timeout_s,
        ^^^^^^^^^^^^^^^^^^^^^^^^^^^^^^^^^^
    )
    ^
  File "C:\Users\ralel\OneDrive\GitHub\VIS-NIR_Spec_Spring26\PythonGUI\backend\device\serial_transport.py", line 41, in connect
    self._serial = serial.Serial(
                   ~~~~~~~~~~~~~^
        port=selected_port,
        ^^^^^^^^^^^^^^^^^^^
        baudrate=baudrate,
        ^^^^^^^^^^^^^^^^^^
        timeout=timeout_s,
        ^^^^^^^^^^^^^^^^^^
    )
    ^
  File "C:\Users\ralel\OneDrive\GitHub\VIS-NIR_Spec_Spring26\PythonGUI\.venv\Lib\site-packages\serial\serialwin32.py", line 33, in __init__
    super(Serial, self).__init__(*args, **kwargs)
    ~~~~~~~~~~~~~~~~~~~~~~~~~~~~^^^^^^^^^^^^^^^^^
  File "C:\Users\ralel\OneDrive\GitHub\VIS-NIR_Spec_Spring26\PythonGUI\.venv\Lib\site-packages\serial\serialutil.py", line 244, in __init__
    self.open()
    ~~~~~~~~~^^
  File "C:\Users\ralel\OneDrive\GitHub\VIS-NIR_Spec_Spring26\PythonGUI\.venv\Lib\site-packages\serial\serialwin32.py", line 64, in open
    raise SerialException("could not open port {!r}: {!r}".format(self.portstr, ctypes.WinError()))
serial.serialutil.SerialException: could not open port 'COM3': FileNotFoundError(2, 'The system cannot find the file specified.', None, 2)
2026-05-04 13:48:36,397 ERROR vis_nir_spec: Failed to connect to serial device.
Traceback (most recent call last):
  File "C:\Users\ralel\OneDrive\GitHub\VIS-NIR_Spec_Spring26\PythonGUI\backend\core\command_service.py", line 83, in connect
    self._transport.connect(
    ~~~~~~~~~~~~~~~~~~~~~~~^
        port=selected_port,
        ^^^^^^^^^^^^^^^^^^^
        timeout_s=config.serial.timeout_s,
        ^^^^^^^^^^^^^^^^^^^^^^^^^^^^^^^^^^
    )
    ^
  File "C:\Users\ralel\OneDrive\GitHub\VIS-NIR_Spec_Spring26\PythonGUI\backend\device\serial_transport.py", line 41, in connect
    self._serial = serial.Serial(
                   ~~~~~~~~~~~~~^
        port=selected_port,
        ^^^^^^^^^^^^^^^^^^^
        baudrate=baudrate,
        ^^^^^^^^^^^^^^^^^^
        timeout=timeout_s,
        ^^^^^^^^^^^^^^^^^^
    )
    ^
  File "C:\Users\ralel\OneDrive\GitHub\VIS-NIR_Spec_Spring26\PythonGUI\.venv\Lib\site-packages\serial\serialwin32.py", line 33, in __init__
    super(Serial, self).__init__(*args, **kwargs)
    ~~~~~~~~~~~~~~~~~~~~~~~~~~~~^^^^^^^^^^^^^^^^^
  File "C:\Users\ralel\OneDrive\GitHub\VIS-NIR_Spec_Spring26\PythonGUI\.venv\Lib\site-packages\serial\serialutil.py", line 244, in __init__
    self.open()
    ~~~~~~~~~^^
  File "C:\Users\ralel\OneDrive\GitHub\VIS-NIR_Spec_Spring26\PythonGUI\.venv\Lib\site-packages\serial\serialwin32.py", line 64, in open
    raise SerialException("could not open port {!r}: {!r}".format(self.portstr, ctypes.WinError()))
serial.serialutil.SerialException: could not open port 'COM3': FileNotFoundError(2, 'The system cannot find the file specified.', None, 2)
2026-05-04 13:49:08,950 INFO kivy: Base: Leaving application in progress...
2026-05-04 13:49:20,006 INFO kivy: GL: NPOT texture support is available
2026-05-04 13:49:20,385 INFO kivy: Base: Start application main loop
2026-05-04 13:49:22,893 ERROR vis_nir_spec: Failed to connect to serial device.
Traceback (most recent call last):
  File "C:\Users\ralel\OneDrive\GitHub\VIS-NIR_Spec_Spring26\PythonGUI\backend\core\command_service.py", line 83, in connect
    self._transport.connect(
    ~~~~~~~~~~~~~~~~~~~~~~~^
        port=selected_port,
        ^^^^^^^^^^^^^^^^^^^
        timeout_s=config.serial.timeout_s,
        ^^^^^^^^^^^^^^^^^^^^^^^^^^^^^^^^^^
    )
    ^
  File "C:\Users\ralel\OneDrive\GitHub\VIS-NIR_Spec_Spring26\PythonGUI\backend\device\serial_transport.py", line 41, in connect
    self._serial = serial.Serial(
                   ~~~~~~~~~~~~~^
        port=selected_port,
        ^^^^^^^^^^^^^^^^^^^
        baudrate=baudrate,
        ^^^^^^^^^^^^^^^^^^
        timeout=timeout_s,
        ^^^^^^^^^^^^^^^^^^
    )
    ^
  File "C:\Users\ralel\OneDrive\GitHub\VIS-NIR_Spec_Spring26\PythonGUI\.venv\Lib\site-packages\serial\serialwin32.py", line 33, in __init__
    super(Serial, self).__init__(*args, **kwargs)
    ~~~~~~~~~~~~~~~~~~~~~~~~~~~~^^^^^^^^^^^^^^^^^
  File "C:\Users\ralel\OneDrive\GitHub\VIS-NIR_Spec_Spring26\PythonGUI\.venv\Lib\site-packages\serial\serialutil.py", line 244, in __init__
    self.open()
    ~~~~~~~~~^^
  File "C:\Users\ralel\OneDrive\GitHub\VIS-NIR_Spec_Spring26\PythonGUI\.venv\Lib\site-packages\serial\serialwin32.py", line 64, in open
    raise SerialException("could not open port {!r}: {!r}".format(self.portstr, ctypes.WinError()))
serial.serialutil.SerialException: could not open port 'COM3': FileNotFoundError(2, 'The system cannot find the file specified.', None, 2)
2026-05-04 13:49:38,663 ERROR vis_nir_spec: Failed to connect to serial device.
Traceback (most recent call last):
  File "C:\Users\ralel\OneDrive\GitHub\VIS-NIR_Spec_Spring26\PythonGUI\backend\core\command_service.py", line 83, in connect
    self._transport.connect(
    ~~~~~~~~~~~~~~~~~~~~~~~^
        port=selected_port,
        ^^^^^^^^^^^^^^^^^^^
        timeout_s=config.serial.timeout_s,
        ^^^^^^^^^^^^^^^^^^^^^^^^^^^^^^^^^^
    )
    ^
  File "C:\Users\ralel\OneDrive\GitHub\VIS-NIR_Spec_Spring26\PythonGUI\backend\device\serial_transport.py", line 41, in connect
    self._serial = serial.Serial(
                   ~~~~~~~~~~~~~^
        port=selected_port,
        ^^^^^^^^^^^^^^^^^^^
        baudrate=baudrate,
        ^^^^^^^^^^^^^^^^^^
        timeout=timeout_s,
        ^^^^^^^^^^^^^^^^^^
    )
    ^
  File "C:\Users\ralel\OneDrive\GitHub\VIS-NIR_Spec_Spring26\PythonGUI\.venv\Lib\site-packages\serial\serialwin32.py", line 33, in __init__
    super(Serial, self).__init__(*args, **kwargs)
    ~~~~~~~~~~~~~~~~~~~~~~~~~~~~^^^^^^^^^^^^^^^^^
  File "C:\Users\ralel\OneDrive\GitHub\VIS-NIR_Spec_Spring26\PythonGUI\.venv\Lib\site-packages\serial\serialutil.py", line 244, in __init__
    self.open()
    ~~~~~~~~~^^
  File "C:\Users\ralel\OneDrive\GitHub\VIS-NIR_Spec_Spring26\PythonGUI\.venv\Lib\site-packages\serial\serialwin32.py", line 64, in open
    raise SerialException("could not open port {!r}: {!r}".format(self.portstr, ctypes.WinError()))
serial.serialutil.SerialException: could not open port 'COM3': FileNotFoundError(2, 'The system cannot find the file specified.', None, 2)
2026-05-04 13:49:39,096 ERROR vis_nir_spec: Failed to connect to serial device.
Traceback (most recent call last):
  File "C:\Users\ralel\OneDrive\GitHub\VIS-NIR_Spec_Spring26\PythonGUI\backend\core\command_service.py", line 83, in connect
    self._transport.connect(
    ~~~~~~~~~~~~~~~~~~~~~~~^
        port=selected_port,
        ^^^^^^^^^^^^^^^^^^^
        timeout_s=config.serial.timeout_s,
        ^^^^^^^^^^^^^^^^^^^^^^^^^^^^^^^^^^
    )
    ^
  File "C:\Users\ralel\OneDrive\GitHub\VIS-NIR_Spec_Spring26\PythonGUI\backend\device\serial_transport.py", line 41, in connect
    self._serial = serial.Serial(
                   ~~~~~~~~~~~~~^
        port=selected_port,
        ^^^^^^^^^^^^^^^^^^^
        baudrate=baudrate,
        ^^^^^^^^^^^^^^^^^^
        timeout=timeout_s,
        ^^^^^^^^^^^^^^^^^^
    )
    ^
  File "C:\Users\ralel\OneDrive\GitHub\VIS-NIR_Spec_Spring26\PythonGUI\.venv\Lib\site-packages\serial\serialwin32.py", line 33, in __init__
    super(Serial, self).__init__(*args, **kwargs)
    ~~~~~~~~~~~~~~~~~~~~~~~~~~~~^^^^^^^^^^^^^^^^^
  File "C:\Users\ralel\OneDrive\GitHub\VIS-NIR_Spec_Spring26\PythonGUI\.venv\Lib\site-packages\serial\serialutil.py", line 244, in __init__
    self.open()
    ~~~~~~~~~^^
  File "C:\Users\ralel\OneDrive\GitHub\VIS-NIR_Spec_Spring26\PythonGUI\.venv\Lib\site-packages\serial\serialwin32.py", line 64, in open
    raise SerialException("could not open port {!r}: {!r}".format(self.portstr, ctypes.WinError()))
serial.serialutil.SerialException: could not open port 'COM3': FileNotFoundError(2, 'The system cannot find the file specified.', None, 2)
2026-05-04 13:49:39,323 ERROR vis_nir_spec: Failed to connect to serial device.
Traceback (most recent call last):
  File "C:\Users\ralel\OneDrive\GitHub\VIS-NIR_Spec_Spring26\PythonGUI\backend\core\command_service.py", line 83, in connect
    self._transport.connect(
    ~~~~~~~~~~~~~~~~~~~~~~~^
        port=selected_port,
        ^^^^^^^^^^^^^^^^^^^
        timeout_s=config.serial.timeout_s,
        ^^^^^^^^^^^^^^^^^^^^^^^^^^^^^^^^^^
    )
    ^
  File "C:\Users\ralel\OneDrive\GitHub\VIS-NIR_Spec_Spring26\PythonGUI\backend\device\serial_transport.py", line 41, in connect
    self._serial = serial.Serial(
                   ~~~~~~~~~~~~~^
        port=selected_port,
        ^^^^^^^^^^^^^^^^^^^
        baudrate=baudrate,
        ^^^^^^^^^^^^^^^^^^
        timeout=timeout_s,
        ^^^^^^^^^^^^^^^^^^
    )
    ^
  File "C:\Users\ralel\OneDrive\GitHub\VIS-NIR_Spec_Spring26\PythonGUI\.venv\Lib\site-packages\serial\serialwin32.py", line 33, in __init__
    super(Serial, self).__init__(*args, **kwargs)
    ~~~~~~~~~~~~~~~~~~~~~~~~~~~~^^^^^^^^^^^^^^^^^
  File "C:\Users\ralel\OneDrive\GitHub\VIS-NIR_Spec_Spring26\PythonGUI\.venv\Lib\site-packages\serial\serialutil.py", line 244, in __init__
    self.open()
    ~~~~~~~~~^^
  File "C:\Users\ralel\OneDrive\GitHub\VIS-NIR_Spec_Spring26\PythonGUI\.venv\Lib\site-packages\serial\serialwin32.py", line 64, in open
    raise SerialException("could not open port {!r}: {!r}".format(self.portstr, ctypes.WinError()))
serial.serialutil.SerialException: could not open port 'COM3': FileNotFoundError(2, 'The system cannot find the file specified.', None, 2)
2026-05-04 13:50:12,552 ERROR vis_nir_spec: Failed to connect to serial device.
Traceback (most recent call last):
  File "C:\Users\ralel\OneDrive\GitHub\VIS-NIR_Spec_Spring26\PythonGUI\backend\core\command_service.py", line 83, in connect
    self._transport.connect(
    ~~~~~~~~~~~~~~~~~~~~~~~^
        port=selected_port,
        ^^^^^^^^^^^^^^^^^^^
        timeout_s=config.serial.timeout_s,
        ^^^^^^^^^^^^^^^^^^^^^^^^^^^^^^^^^^
    )
    ^
  File "C:\Users\ralel\OneDrive\GitHub\VIS-NIR_Spec_Spring26\PythonGUI\backend\device\serial_transport.py", line 41, in connect
    self._serial = serial.Serial(
                   ~~~~~~~~~~~~~^
        port=selected_port,
        ^^^^^^^^^^^^^^^^^^^
        baudrate=baudrate,
        ^^^^^^^^^^^^^^^^^^
        timeout=timeout_s,
        ^^^^^^^^^^^^^^^^^^
    )
    ^
  File "C:\Users\ralel\OneDrive\GitHub\VIS-NIR_Spec_Spring26\PythonGUI\.venv\Lib\site-packages\serial\serialwin32.py", line 33, in __init__
    super(Serial, self).__init__(*args, **kwargs)
    ~~~~~~~~~~~~~~~~~~~~~~~~~~~~^^^^^^^^^^^^^^^^^
  File "C:\Users\ralel\OneDrive\GitHub\VIS-NIR_Spec_Spring26\PythonGUI\.venv\Lib\site-packages\serial\serialutil.py", line 244, in __init__
    self.open()
    ~~~~~~~~~^^
  File "C:\Users\ralel\OneDrive\GitHub\VIS-NIR_Spec_Spring26\PythonGUI\.venv\Lib\site-packages\serial\serialwin32.py", line 64, in open
    raise SerialException("could not open port {!r}: {!r}".format(self.portstr, ctypes.WinError()))
serial.serialutil.SerialException: could not open port 'COM3': FileNotFoundError(2, 'The system cannot find the file specified.', None, 2)
2026-05-04 13:52:49,878 ERROR vis_nir_spec: Failed to connect to serial device.
Traceback (most recent call last):
  File "C:\Users\ralel\OneDrive\GitHub\VIS-NIR_Spec_Spring26\PythonGUI\backend\core\command_service.py", line 83, in connect
    self._transport.connect(
    ~~~~~~~~~~~~~~~~~~~~~~~^
        port=selected_port,
        ^^^^^^^^^^^^^^^^^^^
        timeout_s=config.serial.timeout_s,
        ^^^^^^^^^^^^^^^^^^^^^^^^^^^^^^^^^^
    )
    ^
  File "C:\Users\ralel\OneDrive\GitHub\VIS-NIR_Spec_Spring26\PythonGUI\backend\device\serial_transport.py", line 41, in connect
    self._serial = serial.Serial(
                   ~~~~~~~~~~~~~^
        port=selected_port,
        ^^^^^^^^^^^^^^^^^^^
        baudrate=baudrate,
        ^^^^^^^^^^^^^^^^^^
        timeout=timeout_s,
        ^^^^^^^^^^^^^^^^^^
    )
    ^
  File "C:\Users\ralel\OneDrive\GitHub\VIS-NIR_Spec_Spring26\PythonGUI\.venv\Lib\site-packages\serial\serialwin32.py", line 33, in __init__
    super(Serial, self).__init__(*args, **kwargs)
    ~~~~~~~~~~~~~~~~~~~~~~~~~~~~^^^^^^^^^^^^^^^^^
  File "C:\Users\ralel\OneDrive\GitHub\VIS-NIR_Spec_Spring26\PythonGUI\.venv\Lib\site-packages\serial\serialutil.py", line 244, in __init__
    self.open()
    ~~~~~~~~~^^
  File "C:\Users\ralel\OneDrive\GitHub\VIS-NIR_Spec_Spring26\PythonGUI\.venv\Lib\site-packages\serial\serialwin32.py", line 64, in open
    raise SerialException("could not open port {!r}: {!r}".format(self.portstr, ctypes.WinError()))
serial.serialutil.SerialException: could not open port 'COM3': FileNotFoundError(2, 'The system cannot find the file specified.', None, 2)
2026-05-04 13:52:59,605 INFO kivy: Base: Leaving application in progress...
2026-05-04 13:53:06,510 INFO kivy: GL: NPOT texture support is available
2026-05-04 13:53:06,897 INFO kivy: Base: Start application main loop
2026-05-04 13:53:19,015 INFO kivy: Base: Leaving application in progress...
2026-05-04 13:53:26,073 INFO kivy: GL: NPOT texture support is available
2026-05-04 13:53:26,461 INFO kivy: Base: Start application main loop
2026-05-04 13:53:43,330 ERROR vis_nir_spec: Failed to connect to serial device.
Traceback (most recent call last):
  File "C:\Users\ralel\OneDrive\GitHub\VIS-NIR_Spec_Spring26\PythonGUI\backend\core\command_service.py", line 83, in connect
    self._transport.connect(
    ~~~~~~~~~~~~~~~~~~~~~~~^
        port=selected_port,
        ^^^^^^^^^^^^^^^^^^^
        timeout_s=config.serial.timeout_s,
        ^^^^^^^^^^^^^^^^^^^^^^^^^^^^^^^^^^
    )
    ^
  File "C:\Users\ralel\OneDrive\GitHub\VIS-NIR_Spec_Spring26\PythonGUI\backend\device\serial_transport.py", line 41, in connect
    self._serial = serial.Serial(
                   ~~~~~~~~~~~~~^
        port=selected_port,
        ^^^^^^^^^^^^^^^^^^^
        baudrate=baudrate,
        ^^^^^^^^^^^^^^^^^^
        timeout=timeout_s,
        ^^^^^^^^^^^^^^^^^^
    )
    ^
  File "C:\Users\ralel\OneDrive\GitHub\VIS-NIR_Spec_Spring26\PythonGUI\.venv\Lib\site-packages\serial\serialwin32.py", line 33, in __init__
    super(Serial, self).__init__(*args, **kwargs)
    ~~~~~~~~~~~~~~~~~~~~~~~~~~~~^^^^^^^^^^^^^^^^^
  File "C:\Users\ralel\OneDrive\GitHub\VIS-NIR_Spec_Spring26\PythonGUI\.venv\Lib\site-packages\serial\serialutil.py", line 244, in __init__
    self.open()
    ~~~~~~~~~^^
  File "C:\Users\ralel\OneDrive\GitHub\VIS-NIR_Spec_Spring26\PythonGUI\.venv\Lib\site-packages\serial\serialwin32.py", line 64, in open
    raise SerialException("could not open port {!r}: {!r}".format(self.portstr, ctypes.WinError()))
serial.serialutil.SerialException: could not open port 'COM3': FileNotFoundError(2, 'The system cannot find the file specified.', None, 2)
2026-05-04 13:56:32,377 INFO kivy: Base: Leaving application in progress...
2026-05-04 13:59:03,607 INFO kivy: GL: NPOT texture support is available
2026-05-04 13:59:03,989 INFO kivy: Base: Start application main loop
2026-05-04 14:06:16,984 ERROR vis_nir_spec: Failed to connect to serial device.
Traceback (most recent call last):
  File "C:\Users\ralel\OneDrive\GitHub\VIS-NIR_Spec_Spring26\PythonGUI\backend\core\command_service.py", line 83, in connect
    self._transport.connect(
    ~~~~~~~~~~~~~~~~~~~~~~~^
        port=selected_port,
        ^^^^^^^^^^^^^^^^^^^
        timeout_s=config.serial.timeout_s,
        ^^^^^^^^^^^^^^^^^^^^^^^^^^^^^^^^^^
    )
    ^
  File "C:\Users\ralel\OneDrive\GitHub\VIS-NIR_Spec_Spring26\PythonGUI\backend\device\serial_transport.py", line 41, in connect
    self._serial = serial.Serial(
                   ~~~~~~~~~~~~~^
        port=selected_port,
        ^^^^^^^^^^^^^^^^^^^
        baudrate=baudrate,
        ^^^^^^^^^^^^^^^^^^
        timeout=timeout_s,
        ^^^^^^^^^^^^^^^^^^
    )
    ^
  File "C:\Users\ralel\OneDrive\GitHub\VIS-NIR_Spec_Spring26\PythonGUI\.venv\Lib\site-packages\serial\serialwin32.py", line 33, in __init__
    super(Serial, self).__init__(*args, **kwargs)
    ~~~~~~~~~~~~~~~~~~~~~~~~~~~~^^^^^^^^^^^^^^^^^
  File "C:\Users\ralel\OneDrive\GitHub\VIS-NIR_Spec_Spring26\PythonGUI\.venv\Lib\site-packages\serial\serialutil.py", line 244, in __init__
    self.open()
    ~~~~~~~~~^^
  File "C:\Users\ralel\OneDrive\GitHub\VIS-NIR_Spec_Spring26\PythonGUI\.venv\Lib\site-packages\serial\serialwin32.py", line 64, in open
    raise SerialException("could not open port {!r}: {!r}".format(self.portstr, ctypes.WinError()))
serial.serialutil.SerialException: could not open port 'COM4': FileNotFoundError(2, 'The system cannot find the file specified.', None, 2)
2026-05-04 14:06:17,129 ERROR vis_nir_spec: Failed to connect to serial device.
Traceback (most recent call last):
  File "C:\Users\ralel\OneDrive\GitHub\VIS-NIR_Spec_Spring26\PythonGUI\backend\core\command_service.py", line 83, in connect
    self._transport.connect(
    ~~~~~~~~~~~~~~~~~~~~~~~^
        port=selected_port,
        ^^^^^^^^^^^^^^^^^^^
        timeout_s=config.serial.timeout_s,
        ^^^^^^^^^^^^^^^^^^^^^^^^^^^^^^^^^^
    )
    ^
  File "C:\Users\ralel\OneDrive\GitHub\VIS-NIR_Spec_Spring26\PythonGUI\backend\device\serial_transport.py", line 41, in connect
    self._serial = serial.Serial(
                   ~~~~~~~~~~~~~^
        port=selected_port,
        ^^^^^^^^^^^^^^^^^^^
        baudrate=baudrate,
        ^^^^^^^^^^^^^^^^^^
        timeout=timeout_s,
        ^^^^^^^^^^^^^^^^^^
    )
    ^
  File "C:\Users\ralel\OneDrive\GitHub\VIS-NIR_Spec_Spring26\PythonGUI\.venv\Lib\site-packages\serial\serialwin32.py", line 33, in __init__
    super(Serial, self).__init__(*args, **kwargs)
    ~~~~~~~~~~~~~~~~~~~~~~~~~~~~^^^^^^^^^^^^^^^^^
  File "C:\Users\ralel\OneDrive\GitHub\VIS-NIR_Spec_Spring26\PythonGUI\.venv\Lib\site-packages\serial\serialutil.py", line 244, in __init__
    self.open()
    ~~~~~~~~~^^
  File "C:\Users\ralel\OneDrive\GitHub\VIS-NIR_Spec_Spring26\PythonGUI\.venv\Lib\site-packages\serial\serialwin32.py", line 64, in open
    raise SerialException("could not open port {!r}: {!r}".format(self.portstr, ctypes.WinError()))
serial.serialutil.SerialException: could not open port 'COM4': FileNotFoundError(2, 'The system cannot find the file specified.', None, 2)
2026-05-04 14:06:17,275 ERROR vis_nir_spec: Failed to connect to serial device.
Traceback (most recent call last):
  File "C:\Users\ralel\OneDrive\GitHub\VIS-NIR_Spec_Spring26\PythonGUI\backend\core\command_service.py", line 83, in connect
    self._transport.connect(
    ~~~~~~~~~~~~~~~~~~~~~~~^
        port=selected_port,
        ^^^^^^^^^^^^^^^^^^^
        timeout_s=config.serial.timeout_s,
        ^^^^^^^^^^^^^^^^^^^^^^^^^^^^^^^^^^
    )
    ^
  File "C:\Users\ralel\OneDrive\GitHub\VIS-NIR_Spec_Spring26\PythonGUI\backend\device\serial_transport.py", line 41, in connect
    self._serial = serial.Serial(
                   ~~~~~~~~~~~~~^
        port=selected_port,
        ^^^^^^^^^^^^^^^^^^^
        baudrate=baudrate,
        ^^^^^^^^^^^^^^^^^^
        timeout=timeout_s,
        ^^^^^^^^^^^^^^^^^^
    )
    ^
  File "C:\Users\ralel\OneDrive\GitHub\VIS-NIR_Spec_Spring26\PythonGUI\.venv\Lib\site-packages\serial\serialwin32.py", line 33, in __init__
    super(Serial, self).__init__(*args, **kwargs)
    ~~~~~~~~~~~~~~~~~~~~~~~~~~~~^^^^^^^^^^^^^^^^^
  File "C:\Users\ralel\OneDrive\GitHub\VIS-NIR_Spec_Spring26\PythonGUI\.venv\Lib\site-packages\serial\serialutil.py", line 244, in __init__
    self.open()
    ~~~~~~~~~^^
  File "C:\Users\ralel\OneDrive\GitHub\VIS-NIR_Spec_Spring26\PythonGUI\.venv\Lib\site-packages\serial\serialwin32.py", line 64, in open
    raise SerialException("could not open port {!r}: {!r}".format(self.portstr, ctypes.WinError()))
serial.serialutil.SerialException: could not open port 'COM4': FileNotFoundError(2, 'The system cannot find the file specified.', None, 2)
2026-05-04 14:07:36,093 ERROR vis_nir_spec: Failed to connect to serial device.
Traceback (most recent call last):
  File "C:\Users\ralel\OneDrive\GitHub\VIS-NIR_Spec_Spring26\PythonGUI\backend\core\command_service.py", line 83, in connect
    self._transport.connect(
    ~~~~~~~~~~~~~~~~~~~~~~~^
        port=selected_port,
        ^^^^^^^^^^^^^^^^^^^
        timeout_s=config.serial.timeout_s,
        ^^^^^^^^^^^^^^^^^^^^^^^^^^^^^^^^^^
    )
    ^
  File "C:\Users\ralel\OneDrive\GitHub\VIS-NIR_Spec_Spring26\PythonGUI\backend\device\serial_transport.py", line 41, in connect
    self._serial = serial.Serial(
                   ~~~~~~~~~~~~~^
        port=selected_port,
        ^^^^^^^^^^^^^^^^^^^
        baudrate=baudrate,
        ^^^^^^^^^^^^^^^^^^
        timeout=timeout_s,
        ^^^^^^^^^^^^^^^^^^
    )
    ^
  File "C:\Users\ralel\OneDrive\GitHub\VIS-NIR_Spec_Spring26\PythonGUI\.venv\Lib\site-packages\serial\serialwin32.py", line 33, in __init__
    super(Serial, self).__init__(*args, **kwargs)
    ~~~~~~~~~~~~~~~~~~~~~~~~~~~~^^^^^^^^^^^^^^^^^
  File "C:\Users\ralel\OneDrive\GitHub\VIS-NIR_Spec_Spring26\PythonGUI\.venv\Lib\site-packages\serial\serialutil.py", line 244, in __init__
    self.open()
    ~~~~~~~~~^^
  File "C:\Users\ralel\OneDrive\GitHub\VIS-NIR_Spec_Spring26\PythonGUI\.venv\Lib\site-packages\serial\serialwin32.py", line 64, in open
    raise SerialException("could not open port {!r}: {!r}".format(self.portstr, ctypes.WinError()))
serial.serialutil.SerialException: could not open port 'COM4': FileNotFoundError(2, 'The system cannot find the file specified.', None, 2)
2026-05-04 14:08:13,716 INFO kivy: GL: NPOT texture support is available
2026-05-04 14:08:14,125 INFO kivy: Base: Start application main loop
2026-05-04 14:08:19,794 INFO kivy: Base: Leaving application in progress...
2026-05-04 14:09:22,275 INFO kivy: GL: NPOT texture support is available
2026-05-04 14:09:22,656 INFO kivy: Base: Start application main loop
2026-05-04 14:12:28,412 INFO kivy: Base: Leaving application in progress...
2026-05-04 14:12:35,345 INFO kivy: GL: NPOT texture support is available
2026-05-04 14:12:35,727 INFO kivy: Base: Start application main loop
2026-05-04 14:20:10,997 ERROR vis_nir_spec: Failed to connect to serial device.
Traceback (most recent call last):
  File "C:\Users\ralel\OneDrive\GitHub\VIS-NIR_Spec_Spring26\PythonGUI\backend\core\command_service.py", line 83, in connect
    self._transport.connect(
    ~~~~~~~~~~~~~~~~~~~~~~~^
        port=selected_port,
        ^^^^^^^^^^^^^^^^^^^
        timeout_s=config.serial.timeout_s,
        ^^^^^^^^^^^^^^^^^^^^^^^^^^^^^^^^^^
    )
    ^
  File "C:\Users\ralel\OneDrive\GitHub\VIS-NIR_Spec_Spring26\PythonGUI\backend\device\serial_transport.py", line 41, in connect
    self._serial = serial.Serial(
                   ~~~~~~~~~~~~~^
        port=selected_port,
        ^^^^^^^^^^^^^^^^^^^
        baudrate=baudrate,
        ^^^^^^^^^^^^^^^^^^
        timeout=timeout_s,
        ^^^^^^^^^^^^^^^^^^
    )
    ^
  File "C:\Users\ralel\OneDrive\GitHub\VIS-NIR_Spec_Spring26\PythonGUI\.venv\Lib\site-packages\serial\serialwin32.py", line 33, in __init__
    super(Serial, self).__init__(*args, **kwargs)
    ~~~~~~~~~~~~~~~~~~~~~~~~~~~~^^^^^^^^^^^^^^^^^
  File "C:\Users\ralel\OneDrive\GitHub\VIS-NIR_Spec_Spring26\PythonGUI\.venv\Lib\site-packages\serial\serialutil.py", line 244, in __init__
    self.open()
    ~~~~~~~~~^^
  File "C:\Users\ralel\OneDrive\GitHub\VIS-NIR_Spec_Spring26\PythonGUI\.venv\Lib\site-packages\serial\serialwin32.py", line 64, in open
    raise SerialException("could not open port {!r}: {!r}".format(self.portstr, ctypes.WinError()))
serial.serialutil.SerialException: could not open port 'COM4': FileNotFoundError(2, 'The system cannot find the file specified.', None, 2)
2026-05-04 14:20:46,158 WARNING kivy: stderr: Exception in thread serial-reader:
2026-05-04 14:20:46,159 WARNING kivy: stderr: Traceback (most recent call last):
2026-05-04 14:20:46,160 WARNING kivy: stderr:   File "C:\Program Files\WindowsApps\PythonSoftwareFoundation.Python.3.13_3.13.3568.0_x64__qbz5n2kfra8p0\Lib\threading.py", line 1044, in _bootstrap_inner
2026-05-04 14:20:46,161 WARNING kivy: stderr:     self.run()
2026-05-04 14:20:46,161 WARNING kivy: stderr:     ~~~~~~~~^^
2026-05-04 14:20:46,161 WARNING kivy: stderr:   File "C:\Program Files\WindowsApps\PythonSoftwareFoundation.Python.3.13_3.13.3568.0_x64__qbz5n2kfra8p0\Lib\threading.py", line 995, in run
2026-05-04 14:20:46,161 WARNING kivy: stderr:     self._target(*self._args, **self._kwargs)
2026-05-04 14:20:46,161 WARNING kivy: stderr:     ~~~~~~~~~~~~^^^^^^^^^^^^^^^^^^^^^^^^^^^^^
2026-05-04 14:20:46,161 WARNING kivy: stderr:   File "C:\Users\ralel\OneDrive\GitHub\VIS-NIR_Spec_Spring26\PythonGUI\backend\device\serial_transport.py", line 104, in _reader_loop
2026-05-04 14:20:46,161 WARNING kivy: stderr:     chunk = serial_handle.read(max(1, serial_handle.in_waiting or 1))
2026-05-04 14:20:46,162 WARNING kivy: stderr:   File "C:\Users\ralel\OneDrive\GitHub\VIS-NIR_Spec_Spring26\PythonGUI\.venv\Lib\site-packages\serial\serialwin32.py", line 285, in read
2026-05-04 14:20:46,162 WARNING kivy: stderr:     ctypes.byref(self._overlapped_read))
2026-05-04 14:20:46,162 WARNING kivy: stderr:     ~~~~~~~~~~~~^^^^^^^^^^^^^^^^^^^^^^^
2026-05-04 14:20:46,162 WARNING kivy: stderr: TypeError: byref() argument must be a ctypes instance, not 'NoneType'
2026-05-04 14:21:22,376 INFO kivy: Clipboard: Provider: winctypes
2026-05-04 14:24:01,420 INFO kivy: Base: Leaving application in progress...
2026-05-04 14:24:10,932 INFO kivy: GL: NPOT texture support is available
2026-05-04 14:24:11,275 INFO kivy: Base: Start application main loop
2026-05-04 14:24:42,292 INFO kivy: Clipboard: Provider: winctypes
2026-05-05 12:35:44,505 INFO kivy: Base: Leaving application in progress...
2026-05-22 13:27:48,685 INFO kivy: GL: NPOT texture support is available
2026-05-22 13:27:49,023 INFO kivy: Base: Start application main loop
2026-05-22 14:02:55,004 INFO kivy: Base: Leaving application in progress...
2026-05-22 14:06:52,300 INFO kivy: GL: NPOT texture support is available
2026-05-22 14:06:52,667 INFO kivy: Base: Start application main loop
2026-05-22 14:07:45,441 INFO kivy: WindowSDL: Window is now on display 1
2026-05-22 14:07:45,442 INFO kivy: WindowSDL: Window is now on display 0
2026-05-22 14:07:45,445 INFO kivy: WindowSDL: Window is now on display 2
2026-05-22 14:08:20,704 INFO kivy: WindowSDL: Window is now on display 0
2026-05-22 14:09:01,886 INFO kivy: WindowSDL: Window is now on display 2
2026-05-22 14:09:06,717 INFO kivy: WindowSDL: Window is now on display 0
2026-05-22 14:09:08,698 INFO kivy: WindowSDL: Window is now on display 2
2026-05-22 14:09:09,833 INFO kivy: WindowSDL: Window is now on display 0
2026-05-22 14:09:19,849 INFO kivy: WindowSDL: Window is now on display 2
2026-05-22 14:10:47,215 INFO kivy: WindowSDL: Window is now on display 0
2026-05-22 14:18:05,913 WARNING kivy: stderr: Exception in thread serial-reader:
2026-05-22 14:18:05,948 WARNING kivy: stderr: Traceback (most recent call last):
2026-05-22 14:18:05,952 WARNING kivy: stderr:   File "C:\Program Files\WindowsApps\PythonSoftwareFoundation.Python.3.13_3.13.3568.0_x64__qbz5n2kfra8p0\Lib\threading.py", line 1044, in _bootstrap_inner
2026-05-22 14:18:05,955 WARNING kivy: stderr:     self.run()
2026-05-22 14:18:05,958 WARNING kivy: stderr:     ~~~~~~~~^^
2026-05-22 14:18:05,961 WARNING kivy: stderr:   File "C:\Program Files\WindowsApps\PythonSoftwareFoundation.Python.3.13_3.13.3568.0_x64__qbz5n2kfra8p0\Lib\threading.py", line 995, in run
2026-05-22 14:18:05,961 WARNING kivy: stderr:     self._target(*self._args, **self._kwargs)
2026-05-22 14:18:05,964 WARNING kivy: stderr:     ~~~~~~~~~~~~^^^^^^^^^^^^^^^^^^^^^^^^^^^^^
2026-05-22 14:18:05,967 WARNING kivy: stderr:   File "C:\Users\ralel\OneDrive\GitHub\VIS-NIR_Spec_Spring26\PythonGUI\backend\device\serial_transport.py", line 104, in _reader_loop
2026-05-22 14:18:05,970 WARNING kivy: stderr:     chunk = serial_handle.read(max(1, serial_handle.in_waiting or 1))
2026-05-22 14:18:05,973 WARNING kivy: stderr:   File "C:\Users\ralel\OneDrive\GitHub\VIS-NIR_Spec_Spring26\PythonGUI\.venv\Lib\site-packages\serial\serialwin32.py", line 290, in read
2026-05-22 14:18:05,977 WARNING kivy: stderr:     ctypes.byref(self._overlapped_read),
2026-05-22 14:18:05,980 WARNING kivy: stderr:     ~~~~~~~~~~~~^^^^^^^^^^^^^^^^^^^^^^^
2026-05-22 14:18:05,983 WARNING kivy: stderr: TypeError: byref() argument must be a ctypes instance, not 'NoneType'
2026-05-22 14:18:10,817 INFO kivy: Base: Leaving application in progress...
2026-05-22 14:20:18,162 INFO kivy: GL: NPOT texture support is available
2026-05-22 14:20:18,466 INFO kivy: Base: Start application main loop
2026-05-22 15:56:37,080 INFO kivy: GL: NPOT texture support is available
2026-05-22 15:56:37,429 INFO kivy: Base: Start application main loop
2026-05-22 15:57:28,978 INFO kivy: Base: Leaving application in progress...
2026-05-22 15:58:47,017 INFO kivy: Base: Leaving application in progress...
2026-05-22 15:58:51,641 INFO kivy: GL: NPOT texture support is available
2026-05-22 15:58:51,989 INFO kivy: Base: Start application main loop
2026-05-22 16:09:53,864 INFO kivy: Base: Leaving application in progress...
2026-06-06 23:27:50,829 INFO kivy: GL: NPOT texture support is available
2026-06-06 23:27:51,142 INFO kivy: Base: Start application main loop
2026-06-06 23:28:55,569 INFO kivy: Base: Leaving application in progress...
2026-06-06 23:28:58,468 INFO kivy: GL: NPOT texture support is available
2026-06-06 23:28:58,749 INFO kivy: Base: Start application main loop
2026-06-07 00:08:20,650 INFO kivy: Base: Leaving application in progress...
2026-07-02 22:04:55,296 INFO kivy: GL: NPOT texture support is available
2026-07-02 22:04:55,659 INFO kivy: Base: Start application main loop
2026-07-03 03:16:17,462 INFO kivy: Base: Leaving application in progress...
