Archive member included to satisfy reference by file (symbol)

C:/ST/STM32CubeIDE_1.19.0/STM32CubeIDE/plugins/com.st.stm32cube.ide.mcu.externaltools.gnu-tools-for-stm32.13.3.rel1.win32_1.0.0.202411081344/tools/bin/../lib/gcc/arm-none-eabi/13.3.1/../../../../arm-none-eabi/lib/thumb/v7e-m+fp/hard\libc_nano.a(libc_a-exit.o)
                              C:/ST/STM32CubeIDE_1.19.0/STM32CubeIDE/plugins/com.st.stm32cube.ide.mcu.externaltools.gnu-tools-for-stm32.13.3.rel1.win32_1.0.0.202411081344/tools/bin/../lib/gcc/arm-none-eabi/13.3.1/../../../../arm-none-eabi/lib/thumb/v7e-m+fp/hard/crt0.o (exit)
C:/ST/STM32CubeIDE_1.19.0/STM32CubeIDE/plugins/com.st.stm32cube.ide.mcu.externaltools.gnu-tools-for-stm32.13.3.rel1.win32_1.0.0.202411081344/tools/bin/../lib/gcc/arm-none-eabi/13.3.1/../../../../arm-none-eabi/lib/thumb/v7e-m+fp/hard\libc_nano.a(libc_a-findfp.o)
                              C:/ST/STM32CubeIDE_1.19.0/STM32CubeIDE/plugins/com.st.stm32cube.ide.mcu.externaltools.gnu-tools-for-stm32.13.3.rel1.win32_1.0.0.202411081344/tools/bin/../lib/gcc/arm-none-eabi/13.3.1/../../../../arm-none-eabi/lib/thumb/v7e-m+fp/hard\libc_nano.a(libc_a-exit.o) (__stdio_exit_handler)
C:/ST/STM32CubeIDE_1.19.0/STM32CubeIDE/plugins/com.st.stm32cube.ide.mcu.externaltools.gnu-tools-for-stm32.13.3.rel1.win32_1.0.0.202411081344/tools/bin/../lib/gcc/arm-none-eabi/13.3.1/../../../../arm-none-eabi/lib/thumb/v7e-m+fp/hard\libc_nano.a(libc_a-fwalk.o)
                              C:/ST/STM32CubeIDE_1.19.0/STM32CubeIDE/plugins/com.st.stm32cube.ide.mcu.externaltools.gnu-tools-for-stm32.13.3.rel1.win32_1.0.0.202411081344/tools/bin/../lib/gcc/arm-none-eabi/13.3.1/../../../../arm-none-eabi/lib/thumb/v7e-m+fp/hard\libc_nano.a(libc_a-findfp.o) (_fwalk_sglue)
C:/ST/STM32CubeIDE_1.19.0/STM32CubeIDE/plugins/com.st.stm32cube.ide.mcu.externaltools.gnu-tools-for-stm32.13.3.rel1.win32_1.0.0.202411081344/tools/bin/../lib/gcc/arm-none-eabi/13.3.1/../../../../arm-none-eabi/lib/thumb/v7e-m+fp/hard\libc_nano.a(libc_a-stdio.o)
                              C:/ST/STM32CubeIDE_1.19.0/STM32CubeIDE/plugins/com.st.stm32cube.ide.mcu.externaltools.gnu-tools-for-stm32.13.3.rel1.win32_1.0.0.202411081344/tools/bin/../lib/gcc/arm-none-eabi/13.3.1/../../../../arm-none-eabi/lib/thumb/v7e-m+fp/hard\libc_nano.a(libc_a-findfp.o) (__sread)
C:/ST/STM32CubeIDE_1.19.0/STM32CubeIDE/plugins/com.st.stm32cube.ide.mcu.externaltools.gnu-tools-for-stm32.13.3.rel1.win32_1.0.0.202411081344/tools/bin/../lib/gcc/arm-none-eabi/13.3.1/../../../../arm-none-eabi/lib/thumb/v7e-m+fp/hard\libc_nano.a(libc_a-memset.o)
                              C:/ST/STM32CubeIDE_1.19.0/STM32CubeIDE/plugins/com.st.stm32cube.ide.mcu.externaltools.gnu-tools-for-stm32.13.3.rel1.win32_1.0.0.202411081344/tools/bin/../lib/gcc/arm-none-eabi/13.3.1/../../../../arm-none-eabi/lib/thumb/v7e-m+fp/hard/crt0.o (memset)
C:/ST/STM32CubeIDE_1.19.0/STM32CubeIDE/plugins/com.st.stm32cube.ide.mcu.externaltools.gnu-tools-for-stm32.13.3.rel1.win32_1.0.0.202411081344/tools/bin/../lib/gcc/arm-none-eabi/13.3.1/../../../../arm-none-eabi/lib/thumb/v7e-m+fp/hard\libc_nano.a(libc_a-closer.o)
                              C:/ST/STM32CubeIDE_1.19.0/STM32CubeIDE/plugins/com.st.stm32cube.ide.mcu.externaltools.gnu-tools-for-stm32.13.3.rel1.win32_1.0.0.202411081344/tools/bin/../lib/gcc/arm-none-eabi/13.3.1/../../../../arm-none-eabi/lib/thumb/v7e-m+fp/hard\libc_nano.a(libc_a-stdio.o) (_close_r)
C:/ST/STM32CubeIDE_1.19.0/STM32CubeIDE/plugins/com.st.stm32cube.ide.mcu.externaltools.gnu-tools-for-stm32.13.3.rel1.win32_1.0.0.202411081344/tools/bin/../lib/gcc/arm-none-eabi/13.3.1/../../../../arm-none-eabi/lib/thumb/v7e-m+fp/hard\libc_nano.a(libc_a-reent.o)
                              C:/ST/STM32CubeIDE_1.19.0/STM32CubeIDE/plugins/com.st.stm32cube.ide.mcu.externaltools.gnu-tools-for-stm32.13.3.rel1.win32_1.0.0.202411081344/tools/bin/../lib/gcc/arm-none-eabi/13.3.1/../../../../arm-none-eabi/lib/thumb/v7e-m+fp/hard\libc_nano.a(libc_a-closer.o) (errno)
C:/ST/STM32CubeIDE_1.19.0/STM32CubeIDE/plugins/com.st.stm32cube.ide.mcu.externaltools.gnu-tools-for-stm32.13.3.rel1.win32_1.0.0.202411081344/tools/bin/../lib/gcc/arm-none-eabi/13.3.1/../../../../arm-none-eabi/lib/thumb/v7e-m+fp/hard\libc_nano.a(libc_a-impure.o)
                              C:/ST/STM32CubeIDE_1.19.0/STM32CubeIDE/plugins/com.st.stm32cube.ide.mcu.externaltools.gnu-tools-for-stm32.13.3.rel1.win32_1.0.0.202411081344/tools/bin/../lib/gcc/arm-none-eabi/13.3.1/../../../../arm-none-eabi/lib/thumb/v7e-m+fp/hard\libc_nano.a(libc_a-reent.o) (_impure_ptr)
C:/ST/STM32CubeIDE_1.19.0/STM32CubeIDE/plugins/com.st.stm32cube.ide.mcu.externaltools.gnu-tools-for-stm32.13.3.rel1.win32_1.0.0.202411081344/tools/bin/../lib/gcc/arm-none-eabi/13.3.1/../../../../arm-none-eabi/lib/thumb/v7e-m+fp/hard\libc_nano.a(libc_a-lseekr.o)
[...]
Memory Configuration

Name             Origin             Length             Attributes
RAM              0x20000000         0x00020000         xrw
FLASH            0x08000000         0x00080000         xr
*default*        0x00000000         0xffffffff

Linker script and memory map

LOAD C:/ST/STM32CubeIDE_1.19.0/STM32CubeIDE/plugins/com.st.stm32cube.ide.mcu.externaltools.gnu-tools-for-stm32.13.3.rel1.win32_1.0.0.202411081344/tools/bin/../lib/gcc/arm-none-eabi/13.3.1/thumb/v7e-m+fp/hard/crti.o
LOAD C:/ST/STM32CubeIDE_1.19.0/STM32CubeIDE/plugins/com.st.stm32cube.ide.mcu.externaltools.gnu-tools-for-stm32.13.3.rel1.win32_1.0.0.202411081344/tools/bin/../lib/gcc/arm-none-eabi/13.3.1/thumb/v7e-m+fp/hard/crtbegin.o
LOAD C:/ST/STM32CubeIDE_1.19.0/STM32CubeIDE/plugins/com.st.stm32cube.ide.mcu.externaltools.gnu-tools-for-stm32.13.3.rel1.win32_1.0.0.202411081344/tools/bin/../lib/gcc/arm-none-eabi/13.3.1/../../../../arm-none-eabi/lib/thumb/v7e-m+fp/hard/crt0.o
LOAD ./Core/Src/main.o
LOAD ./Core/Src/stm32f4xx_hal_msp.o
LOAD ./Core/Src/stm32f4xx_it.o
LOAD ./Core/Src/syscalls.o
LOAD ./Core/Src/sysmem.o
LOAD ./Core/Src/system_stm32f4xx.o
LOAD ./Core/Startup/startup_stm32f411ceux.o
LOAD ./Drivers/STM32F4xx_HAL_Driver/Src/stm32f4xx_hal.o
LOAD ./Drivers/STM32F4xx_HAL_Driver/Src/stm32f4xx_hal_adc.o
LOAD ./Drivers/STM32F4xx_HAL_Driver/Src/stm32f4xx_hal_adc_ex.o
LOAD ./Drivers/STM32F4xx_HAL_Driver/Src/stm32f4xx_hal_cortex.o
LOAD ./Drivers/STM32F4xx_HAL_Driver/Src/stm32f4xx_hal_dma.o
LOAD ./Drivers/STM32F4xx_HAL_Driver/Src/stm32f4xx_hal_dma_ex.o
LOAD ./Drivers/STM32F4xx_HAL_Driver/Src/stm32f4xx_hal_exti.o
LOAD ./Drivers/STM32F4xx_HAL_Driver/Src/stm32f4xx_hal_flash.o
LOAD ./Drivers/STM32F4xx_HAL_Driver/Src/stm32f4xx_hal_flash_ex.o
LOAD ./Drivers/STM32F4xx_HAL_Driver/Src/stm32f4xx_hal_flash_ramfunc.o
LOAD ./Drivers/STM32F4xx_HAL_Driver/Src/stm32f4xx_hal_gpio.o
LOAD ./Drivers/STM32F4xx_HAL_Driver/Src/stm32f4xx_hal_pcd.o
LOAD ./Drivers/STM32F4xx_HAL_Driver/Src/stm32f4xx_hal_pcd_ex.o
LOAD ./Drivers/STM32F4xx_HAL_Driver/Src/stm32f4xx_hal_pwr.o
LOAD ./Drivers/STM32F4xx_HAL_Driver/Src/stm32f4xx_hal_pwr_ex.o
LOAD ./Drivers/STM32F4xx_HAL_Driver/Src/stm32f4xx_hal_rcc.o
LOAD ./Drivers/STM32F4xx_HAL_Driver/Src/stm32f4xx_hal_rcc_ex.o
LOAD ./Drivers/STM32F4xx_HAL_Driver/Src/stm32f4xx_hal_tim.o
LOAD ./Drivers/STM32F4xx_HAL_Driver/Src/stm32f4xx_hal_tim_ex.o
LOAD ./Drivers/STM32F4xx_HAL_Driver/Src/stm32f4xx_ll_adc.o
LOAD ./Drivers/STM32F4xx_HAL_Driver/Src/stm32f4xx_ll_usb.o
LOAD ./Middlewares/ST/STM32_USB_Device_Library/Class/CDC/Src/usbd_cdc.o
LOAD ./Middlewares/ST/STM32_USB_Device_Library/Core/Src/usbd_core.o
LOAD ./Middlewares/ST/STM32_USB_Device_Library/Core/Src/usbd_ctlreq.o
LOAD ./Middlewares/ST/STM32_USB_Device_Library/Core/Src/usbd_ioreq.o
LOAD ./USB_DEVICE/App/usb_device.o
LOAD ./USB_DEVICE/App/usbd_cdc_if.o
LOAD ./USB_DEVICE/App/usbd_desc.o
LOAD ./USB_DEVICE/Target/usbd_conf.o
START GROUP
LOAD C:/ST/STM32CubeIDE_1.19.0/STM32CubeIDE/plugins/com.st.stm32cube.ide.mcu.externaltools.gnu-tools-for-stm32.13.3.rel1.win32_1.0.0.202411081344/tools/bin/../lib/gcc/arm-none-eabi/13.3.1/../../../../arm-none-eabi/lib/thumb/v7e-m+fp/hard\libc_nano.a
LOAD C:/ST/STM32CubeIDE_1.19.0/STM32CubeIDE/plugins/com.st.stm32cube.ide.mcu.externaltools.gnu-tools-for-stm32.13.3.rel1.win32_1.0.0.202411081344/tools/bin/../lib/gcc/arm-none-eabi/13.3.1/../../../../arm-none-eabi/lib/thumb/v7e-m+fp/hard\libm.a
END GROUP
START GROUP
LOAD C:/ST/STM32CubeIDE_1.19.0/STM32CubeIDE/plugins/com.st.stm32cube.ide.mcu.externaltools.gnu-tools-for-stm32.13.3.rel1.win32_1.0.0.202411081344/tools/bin/../lib/gcc/arm-none-eabi/13.3.1/thumb/v7e-m+fp/hard\libgcc.a
LOAD C:/ST/STM32CubeIDE_1.19.0/STM32CubeIDE/plugins/com.st.stm32cube.ide.mcu.externaltools.gnu-tools-for-stm32.13.3.rel1.win32_1.0.0.202411081344/tools/bin/../lib/gcc/arm-none-eabi/13.3.1/../../../../arm-none-eabi/lib/thumb/v7e-m+fp/hard\libc_nano.a
END GROUP
START GROUP
LOAD C:/ST/STM32CubeIDE_1.19.0/STM32CubeIDE/plugins/com.st.stm32cube.ide.mcu.externaltools.gnu-tools-for-stm32.13.3.rel1.win32_1.0.0.202411081344/tools/bin/../lib/gcc/arm-none-eabi/13.3.1/thumb/v7e-m+fp/hard\libgcc.a
LOAD C:/ST/STM32CubeIDE_1.19.0/STM32CubeIDE/plugins/com.st.stm32cube.ide.mcu.externaltools.gnu-tools-for-stm32.13.3.rel1.win32_1.0.0.202411081344/tools/bin/../lib/gcc/arm-none-eabi/13.3.1/../../../../arm-none-eabi/lib/thumb/v7e-m+fp/hard\libc_nano.a
LOAD C:/ST/STM32CubeIDE_1.19.0/STM32CubeIDE/plugins/com.st.stm32cube.ide.mcu.externaltools.gnu-tools-for-stm32.13.3.rel1.win32_1.0.0.202411081344/tools/bin/../lib/gcc/arm-none-eabi/13.3.1/../../../../arm-none-eabi/lib/thumb/v7e-m+fp/hard\libnosys.a
END GROUP
START GROUP
LOAD C:/ST/STM32CubeIDE_1.19.0/STM32CubeIDE/plugins/com.st.stm32cube.ide.mcu.externaltools.gnu-tools-for-stm32.13.3.rel1.win32_1.0.0.202411081344/tools/bin/../lib/gcc/arm-none-eabi/13.3.1/thumb/v7e-m+fp/hard\libgcc.a
LOAD C:/ST/STM32CubeIDE_1.19.0/STM32CubeIDE/plugins/com.st.stm32cube.ide.mcu.externaltools.gnu-tools-for-stm32.13.3.rel1.win32_1.0.0.202411081344/tools/bin/../lib/gcc/arm-none-eabi/13.3.1/../../../../arm-none-eabi/lib/thumb/v7e-m+fp/hard\libc_nano.a
LOAD C:/ST/STM32CubeIDE_1.19.0/STM32CubeIDE/plugins/com.st.stm32cube.ide.mcu.externaltools.gnu-tools-for-stm32.13.3.rel1.win32_1.0.0.202411081344/tools/bin/../lib/gcc/arm-none-eabi/13.3.1/../../../../arm-none-eabi/lib/thumb/v7e-m+fp/hard\libnosys.a
END GROUP
LOAD C:/ST/STM32CubeIDE_1.19.0/STM32CubeIDE/plugins/com.st.stm32cube.ide.mcu.externaltools.gnu-tools-for-stm32.13.3.rel1.win32_1.0.0.202411081344/tools/bin/../lib/gcc/arm-none-eabi/13.3.1/thumb/v7e-m+fp/hard/crtend.o
LOAD C:/ST/STM32CubeIDE_1.19.0/STM32CubeIDE/plugins/com.st.stm32cube.ide.mcu.externaltools.gnu-tools-for-stm32.13.3.rel1.win32_1.0.0.202411081344/tools/bin/../lib/gcc/arm-none-eabi/13.3.1/thumb/v7e-m+fp/hard/crtn.o
                0x20020000                        _estack = (ORIGIN (RAM) + LENGTH (RAM))
                0x00000200                        _Min_Heap_Size = 0x200
                0x00000400                        _Min_Stack_Size = 0x400

.isr_vector     0x08000000      0x198
                0x08000000                        . = ALIGN (0x4)
 *(.isr_vector)
 .isr_vector    0x08000000      0x198 ./Core/Startup/startup_stm32f411ceux.o
                0x08000000                g_pfnVectors
                0x08000198                        . = ALIGN (0x4)

.text           0x08000198     0x9f10
                0x08000198                        . = ALIGN (0x4)
 *(.text)
 .text          0x08000198       0x40 C:/ST/STM32CubeIDE_1.19.0/STM32CubeIDE/plugins/com.st.stm32cube.ide.mcu.externaltools.gnu-tools-for-stm32.13.3.rel1.win32_1.0.0.202411081344/tools/bin/../lib/gcc/arm-none-eabi/13.3.1/thumb/v7e-m+fp/hard/crtbegin.o
 .text          0x080001d8       0x10 C:/ST/STM32CubeIDE_1.19.0/STM32CubeIDE/plugins/com.st.stm32cube.ide.mcu.externaltools.gnu-tools-for-stm32.13.3.rel1.win32_1.0.0.202411081344/tools/bin/../lib/gcc/arm-none-eabi/13.3.1/../../../../arm-none-eabi/lib/thumb/v7e-m+fp/hard\libc_nano.a(libc_a-strlen.o)
                0x080001d8                strlen
 .text          0x080001e8       0x30 C:/ST/STM32CubeIDE_1.19.0/STM32CubeIDE/plugins/com.st.stm32cube.ide.mcu.externaltools.gnu-tools-for-stm32.13.3.rel1.win32_1.0.0.202411081344/tools/bin/../lib/gcc/arm-none-eabi/13.3.1/thumb/v7e-m+fp/hard\libgcc.a(_aeabi_uldivmod.o)
                0x080001e8                __aeabi_uldivmod
 .text          0x08000218      0x2f8 C:/ST/STM32CubeIDE_1.19.0/STM32CubeIDE/plugins/com.st.stm32cube.ide.mcu.externaltools.gnu-tools-for-stm32.13.3.rel1.win32_1.0.0.202411081344/tools/bin/../lib/gcc/arm-none-eabi/13.3.1/thumb/v7e-m+fp/hard\libgcc.a(_udivmoddi4.o)
                0x08000218                __udivmoddi4
 .text          0x08000510        0x4 C:/ST/STM32CubeIDE_1.19.0/STM32CubeIDE/plugins/com.st.stm32cube.ide.mcu.externaltools.gnu-tools-for-stm32.13.3.rel1.win32_1.0.0.202411081344/tools/bin/../lib/gcc/arm-none-eabi/13.3.1/thumb/v7e-m+fp/hard\libgcc.a(_dvmd_tls.o)
                0x08000510                __aeabi_idiv0
                0x08000510                __aeabi_ldiv0
 *(.text*)
 .text.CDC_Transmit_Blocking
                0x08000514       0x4c ./Core/Src/main.o
 .text.SendStatusLine
                0x08000560       0x24 ./Core/Src/main.o
 .text.CDC_WaitForTxReady
                0x08000584       0x38 ./Core/Src/main.o
 .text.PrepareFrameHeader
                0x080005bc       0xc0 ./Core/Src/main.o
 .text.AcquireFrameSlot
                0x0800067c       0x7c ./Core/Src/main.o
 .text.FindNextReadyFrameSlot
                0x080006f8       0x74 ./Core/Src/main.o
 .text.ReleaseFrameSlot
                0x0800076c       0x70 ./Core/Src/main.o
 .text.AbortActiveCapture
                0x080007dc       0xf0 ./Core/Src/main.o
 .text.StartFrameCaptureFromIcgEdge
                0x080008cc      0x148 ./Core/Src/main.o
 .text.SendFrameSlot
                0x08000a14       0x70 ./Core/Src/main.o
 .text.main     0x08000a84      0x184 ./Core/Src/main.o
                0x08000a84                main
 .text.MX_DMA_Init
                0x08000c08       0x40 ./Core/Src/main.o
 .text.SystemClock_Config
                0x08000c48       0xd0 ./Core/Src/main.o
                0x08000c48                SystemClock_Config
 .text.MX_ADC1_Init
                0x08000d18       0xa4 ./Core/Src/main.o
 .text.MX_TIM1_Init
                0x08000dbc      0x140 ./Core/Src/main.o
 .text.MX_TIM2_Init
                0x08000efc       0xe8 ./Core/Src/main.o
 .text.MX_TIM3_Init
                0x08000fe4       0xf0 ./Core/Src/main.o
 .text.MX_TIM4_Init
                0x080010d4      0x100 ./Core/Src/main.o
 .text.MX_TIM5_Init
                0x080011d4       0x98 ./Core/Src/main.o
 .text.MX_GPIO_Init
                0x0800126c       0xc0 ./Core/Src/main.o
 .text.HAL_ADC_ConvHalfCpltCallback
                0x0800132c       0x30 ./Core/Src/main.o
                0x0800132c                HAL_ADC_ConvHalfCpltCallback
 .text.HAL_ADC_ConvCpltCallback
                0x0800135c       0xd8 ./Core/Src/main.o
                0x0800135c                HAL_ADC_ConvCpltCallback
 .text.HAL_TIM_PeriodElapsedCallback
                0x08001434       0x30 ./Core/Src/main.o
                0x08001434                HAL_TIM_PeriodElapsedCallback
 .text.HAL_TIM_PWM_PulseFinishedCallback
                0x08001464       0x64 ./Core/Src/main.o
                0x08001464                HAL_TIM_PWM_PulseFinishedCallback
 .text.Error_Handler
                0x080014c8        0xc ./Core/Src/main.o
                0x080014c8                Error_Handler
 .text.HAL_MspInit
                0x080014d4       0x50 ./Core/Src/stm32f4xx_hal_msp.o
                0x080014d4                HAL_MspInit
 .text.HAL_ADC_MspInit
                0x08001524      0x10c ./Core/Src/stm32f4xx_hal_msp.o
                0x08001524                HAL_ADC_MspInit
 .text.HAL_TIM_Base_MspInit
                0x08001630       0xf0 ./Core/Src/stm32f4xx_hal_msp.o
                0x08001630                HAL_TIM_Base_MspInit
 .text.HAL_TIM_MspPostInit
                0x08001720      0x158 ./Core/Src/stm32f4xx_hal_msp.o
                0x08001720                HAL_TIM_MspPostInit
 .text.NMI_Handler
                0x08001878        0x8 ./Core/Src/stm32f4xx_it.o
                0x08001878                NMI_Handler
 .text.HardFault_Handler
                0x08001880        0x8 ./Core/Src/stm32f4xx_it.o
                0x08001880                HardFault_Handler
 .text.MemManage_Handler
                0x08001888        0x8 ./Core/Src/stm32f4xx_it.o
                0x08001888                MemManage_Handler
 .text.BusFault_Handler
                0x08001890        0x8 ./Core/Src/stm32f4xx_it.o
                0x08001890                BusFault_Handler
 .text.UsageFault_Handler
                0x08001898        0x8 ./Core/Src/stm32f4xx_it.o
                0x08001898                UsageFault_Handler
 .text.SVC_Handler
                0x080018a0        0xe ./Core/Src/stm32f4xx_it.o
                0x080018a0                SVC_Handler
 .text.DebugMon_Handler
                0x080018ae        0xe ./Core/Src/stm32f4xx_it.o
                0x080018ae                DebugMon_Handler
 .text.PendSV_Handler
                0x080018bc        0xe ./Core/Src/stm32f4xx_it.o
                0x080018bc                PendSV_Handler
 .text.SysTick_Handler
                0x080018ca        0xc ./Core/Src/stm32f4xx_it.o
                0x080018ca                SysTick_Handler
 *fill*         0x080018d6        0x2 
 .text.DMA2_Stream0_IRQHandler
                0x080018d8       0x14 ./Core/Src/stm32f4xx_it.o
                0x080018d8                DMA2_Stream0_IRQHandler
 .text.TIM4_IRQHandler
                0x080018ec       0x14 ./Core/Src/stm32f4xx_it.o
                0x080018ec                TIM4_IRQHandler
 .text.OTG_FS_IRQHandler
                0x08001900       0x14 ./Core/Src/stm32f4xx_it.o
                0x08001900                OTG_FS_IRQHandler
 .text.SystemInit
                0x08001914       0x24 ./Core/Src/system_stm32f4xx.o
                0x08001914                SystemInit
 .text.Reset_Handler
                0x08001938       0x50 ./Core/Startup/startup_stm32f411ceux.o
                0x08001938                Reset_Handler
 .text.Default_Handler
                0x08001988        0x2 ./Core/Startup/startup_stm32f411ceux.o
                0x08001988                RTC_Alarm_IRQHandler
                0x08001988                EXTI2_IRQHandler
                0x08001988                SPI4_IRQHandler
                0x08001988                TIM1_CC_IRQHandler
                0x08001988                DMA2_Stream5_IRQHandler
                0x08001988                DMA1_Stream5_IRQHandler
                0x08001988                PVD_IRQHandler
                0x08001988                SDIO_IRQHandler
                0x08001988                TAMP_STAMP_IRQHandler
                0x08001988                EXTI3_IRQHandler
                0x08001988                TIM1_UP_TIM10_IRQHandler
                0x08001988                I2C3_ER_IRQHandler
                0x08001988                EXTI0_IRQHandler
                0x08001988                I2C2_EV_IRQHandler
                0x08001988                DMA1_Stream2_IRQHandler
                0x08001988                FPU_IRQHandler
                0x08001988                DMA2_Stream2_IRQHandler
                0x08001988                SPI1_IRQHandler
                0x08001988                TIM1_BRK_TIM9_IRQHandler
                0x08001988                DMA2_Stream3_IRQHandler
                0x08001988                USART6_IRQHandler
                0x08001988                I2C1_EV_IRQHandler
                0x08001988                DMA1_Stream6_IRQHandler
                0x08001988                DMA1_Stream1_IRQHandler
                0x08001988                TIM3_IRQHandler
                0x08001988                RCC_IRQHandler
                0x08001988                Default_Handler
                0x08001988                EXTI15_10_IRQHandler
                0x08001988                ADC_IRQHandler
                0x08001988                DMA1_Stream7_IRQHandler
                0x08001988                SPI5_IRQHandler
                0x08001988                TIM5_IRQHandler
                0x08001988                DMA2_Stream7_IRQHandler
                0x08001988                I2C3_EV_IRQHandler
                0x08001988                EXTI9_5_IRQHandler
                0x08001988                RTC_WKUP_IRQHandler
                0x08001988                SPI2_IRQHandler
                0x08001988                DMA1_Stream0_IRQHandler
                0x08001988                EXTI4_IRQHandler
                0x08001988                WWDG_IRQHandler
                0x08001988                TIM2_IRQHandler
                0x08001988                OTG_FS_WKUP_IRQHandler
                0x08001988                TIM1_TRG_COM_TIM11_IRQHandler
                0x08001988                EXTI1_IRQHandler
                0x08001988                USART2_IRQHandler
                0x08001988                I2C2_ER_IRQHandler
                0x08001988                DMA2_Stream1_IRQHandler
                0x08001988                FLASH_IRQHandler
                0x08001988                DMA2_Stream4_IRQHandler
                0x08001988                USART1_IRQHandler
                0x08001988                SPI3_IRQHandler
                0x08001988                DMA1_Stream4_IRQHandler
                0x08001988                I2C1_ER_IRQHandler
                0x08001988                DMA2_Stream6_IRQHandler
                0x08001988                DMA1_Stream3_IRQHandler
 *fill*         0x0800198a        0x2 
 .text.HAL_Init
                0x0800198c       0x44 ./Drivers/STM32F4xx_HAL_Driver/Src/stm32f4xx_hal.o
                0x0800198c                HAL_Init
 .text.HAL_InitTick
                0x080019d0       0x60 ./Drivers/STM32F4xx_HAL_Driver/Src/stm32f4xx_hal.o
                0x080019d0                HAL_InitTick
 .text.HAL_IncTick
                0x08001a30       0x28 ./Drivers/STM32F4xx_HAL_Driver/Src/stm32f4xx_hal.o
                0x08001a30                HAL_IncTick
 .text.HAL_GetTick
                0x08001a58       0x18 ./Drivers/STM32F4xx_HAL_Driver/Src/stm32f4xx_hal.o
                0x08001a58                HAL_GetTick
 .text.HAL_Delay
                0x08001a70       0x48 ./Drivers/STM32F4xx_HAL_Driver/Src/stm32f4xx_hal.o
                0x08001a70                HAL_Delay
 .text.HAL_ADC_Init
                0x08001ab8       0x86 ./Drivers/STM32F4xx_HAL_Driver/Src/stm32f4xx_hal_adc.o
                0x08001ab8                HAL_ADC_Init
 *fill*         0x08001b3e        0x2 
 .text.HAL_ADC_Start_DMA
                0x08001b40      0x1e8 ./Drivers/STM32F4xx_HAL_Driver/Src/stm32f4xx_hal_adc.o
                0x08001b40                HAL_ADC_Start_DMA
 .text.HAL_ADC_Stop_DMA
                0x08001d28       0xb4 ./Drivers/STM32F4xx_HAL_Driver/Src/stm32f4xx_hal_adc.o
                0x08001d28                HAL_ADC_Stop_DMA
 .text.HAL_ADC_ErrorCallback
                0x08001ddc       0x14 ./Drivers/STM32F4xx_HAL_Driver/Src/stm32f4xx_hal_adc.o
                0x08001ddc                HAL_ADC_ErrorCallback
 .text.HAL_ADC_ConfigChannel
                0x08001df0      0x264 ./Drivers/STM32F4xx_HAL_Driver/Src/stm32f4xx_hal_adc.o
                0x08001df0                HAL_ADC_ConfigChannel
 .text.ADC_Init
                0x08002054      0x1f8 ./Drivers/STM32F4xx_HAL_Driver/Src/stm32f4xx_hal_adc.o
 .text.ADC_DMAConvCplt
                0x0800224c       0xba ./Drivers/STM32F4xx_HAL_Driver/Src/stm32f4xx_hal_adc.o
 .text.ADC_DMAHalfConvCplt
                0x08002306       0x1c ./Drivers/STM32F4xx_HAL_Driver/Src/stm32f4xx_hal_adc.o
 .text.ADC_DMAError
                0x08002322       0x2e ./Drivers/STM32F4xx_HAL_Driver/Src/stm32f4xx_hal_adc.o
 .text.__NVIC_SetPriorityGrouping
                0x08002350       0x48 ./Drivers/STM32F4xx_HAL_Driver/Src/stm32f4xx_hal_cortex.o
 .text.__NVIC_GetPriorityGrouping
                0x08002398       0x1c ./Drivers/STM32F4xx_HAL_Driver/Src/stm32f4xx_hal_cortex.o
 .text.__NVIC_EnableIRQ
                0x080023b4       0x3c ./Drivers/STM32F4xx_HAL_Driver/Src/stm32f4xx_hal_cortex.o
 .text.__NVIC_SetPriority
                0x080023f0       0x54 ./Drivers/STM32F4xx_HAL_Driver/Src/stm32f4xx_hal_cortex.o
 .text.NVIC_EncodePriority
                0x08002444       0x66 ./Drivers/STM32F4xx_HAL_Driver/Src/stm32f4xx_hal_cortex.o
 *fill*         0x080024aa        0x2 
 .text.SysTick_Config
                0x080024ac       0x44 ./Drivers/STM32F4xx_HAL_Driver/Src/stm32f4xx_hal_cortex.o
 .text.HAL_NVIC_SetPriorityGrouping
                0x080024f0       0x16 ./Drivers/STM32F4xx_HAL_Driver/Src/stm32f4xx_hal_cortex.o
                0x080024f0                HAL_NVIC_SetPriorityGrouping
 .text.HAL_NVIC_SetPriority
                0x08002506       0x38 ./Drivers/STM32F4xx_HAL_Driver/Src/stm32f4xx_hal_cortex.o
                0x08002506                HAL_NVIC_SetPriority
 .text.HAL_NVIC_EnableIRQ
                0x0800253e       0x1c ./Drivers/STM32F4xx_HAL_Driver/Src/stm32f4xx_hal_cortex.o
                0x0800253e                HAL_NVIC_EnableIRQ
 .text.HAL_SYSTICK_Config
                0x0800255a       0x18 ./Drivers/STM32F4xx_HAL_Driver/Src/stm32f4xx_hal_cortex.o
                0x0800255a                HAL_SYSTICK_Config
 *fill*         0x08002572        0x2 
 .text.HAL_DMA_Init
                0x08002574      0x15c ./Drivers/STM32F4xx_HAL_Driver/Src/stm32f4xx_hal_dma.o
                0x08002574                HAL_DMA_Init
 .text.HAL_DMA_Start_IT
                0x080026d0       0xb0 ./Drivers/STM32F4xx_HAL_Driver/Src/stm32f4xx_hal_dma.o
                0x080026d0                HAL_DMA_Start_IT
 .text.HAL_DMA_Abort
                0x08002780       0xe0 ./Drivers/STM32F4xx_HAL_Driver/Src/stm32f4xx_hal_dma.o
                0x08002780                HAL_DMA_Abort
 .text.HAL_DMA_IRQHandler
                0x08002860      0x314 ./Drivers/STM32F4xx_HAL_Driver/Src/stm32f4xx_hal_dma.o
                0x08002860                HAL_DMA_IRQHandler
 .text.DMA_SetConfig
                0x08002b74       0x5c ./Drivers/STM32F4xx_HAL_Driver/Src/stm32f4xx_hal_dma.o
 .text.DMA_CalcBaseAndBitshift
                0x08002bd0       0x6c ./Drivers/STM32F4xx_HAL_Driver/Src/stm32f4xx_hal_dma.o
 .text.DMA_CheckFifoParam
                0x08002c3c       0xf8 ./Drivers/STM32F4xx_HAL_Driver/Src/stm32f4xx_hal_dma.o
 .text.HAL_GPIO_Init
                0x08002d34      0x308 ./Drivers/STM32F4xx_HAL_Driver/Src/stm32f4xx_hal_gpio.o
                0x08002d34                HAL_GPIO_Init
 .text.HAL_GPIO_WritePin
                0x0800303c       0x32 ./Drivers/STM32F4xx_HAL_Driver/Src/stm32f4xx_hal_gpio.o
                0x0800303c                HAL_GPIO_WritePin
 .text.HAL_PCD_Init
                0x0800306e      0x21e ./Drivers/STM32F4xx_HAL_Driver/Src/stm32f4xx_hal_pcd.o
                0x0800306e                HAL_PCD_Init
 .text.HAL_PCD_Start
                0x0800328c       0x6a ./Drivers/STM32F4xx_HAL_Driver/Src/stm32f4xx_hal_pcd.o
                0x0800328c                HAL_PCD_Start
 .text.HAL_PCD_IRQHandler
                0x080032f6      0x942 ./Drivers/STM32F4xx_HAL_Driver/Src/stm32f4xx_hal_pcd.o
                0x080032f6                HAL_PCD_IRQHandler
 .text.HAL_PCD_SetAddress
                0x08003c38       0x48 ./Drivers/STM32F4xx_HAL_Driver/Src/stm32f4xx_hal_pcd.o
                0x08003c38                HAL_PCD_SetAddress
 .text.HAL_PCD_EP_Open
                0x08003c80       0xd4 ./Drivers/STM32F4xx_HAL_Driver/Src/stm32f4xx_hal_pcd.o
                0x08003c80                HAL_PCD_EP_Open
 .text.HAL_PCD_EP_Close
                0x08003d54       0x94 ./Drivers/STM32F4xx_HAL_Driver/Src/stm32f4xx_hal_pcd.o
                0x08003d54                HAL_PCD_EP_Close
 .text.HAL_PCD_EP_Receive
                0x08003de8       0x76 ./Drivers/STM32F4xx_HAL_Driver/Src/stm32f4xx_hal_pcd.o
                0x08003de8                HAL_PCD_EP_Receive
 .text.HAL_PCD_EP_GetRxCount
                0x08003e5e       0x30 ./Drivers/STM32F4xx_HAL_Driver/Src/stm32f4xx_hal_pcd.o
                0x08003e5e                HAL_PCD_EP_GetRxCount
 .text.HAL_PCD_EP_Transmit
                0x08003e8e       0x74 ./Drivers/STM32F4xx_HAL_Driver/Src/stm32f4xx_hal_pcd.o
                0x08003e8e                HAL_PCD_EP_Transmit
 .text.HAL_PCD_EP_SetStall
                0x08003f02       0xc6 ./Drivers/STM32F4xx_HAL_Driver/Src/stm32f4xx_hal_pcd.o
                0x08003f02                HAL_PCD_EP_SetStall
 .text.HAL_PCD_EP_ClrStall
                0x08003fc8       0xac ./Drivers/STM32F4xx_HAL_Driver/Src/stm32f4xx_hal_pcd.o
                0x08003fc8                HAL_PCD_EP_ClrStall
 .text.HAL_PCD_EP_Abort
                0x08004074       0x62 ./Drivers/STM32F4xx_HAL_Driver/Src/stm32f4xx_hal_pcd.o
                0x08004074                HAL_PCD_EP_Abort
 .text.PCD_WriteEmptyTxFifo
                0x080040d6      0x118 ./Drivers/STM32F4xx_HAL_Driver/Src/stm32f4xx_hal_pcd.o
 *fill*         0x080041ee        0x2 
 .text.PCD_EP_OutXfrComplete_int
                0x080041f0      0x1d0 ./Drivers/STM32F4xx_HAL_Driver/Src/stm32f4xx_hal_pcd.o
 .text.PCD_EP_OutSetupPacket_int
                0x080043c0       0x8c ./Drivers/STM32F4xx_HAL_Driver/Src/stm32f4xx_hal_pcd.o
 .text.HAL_PCDEx_SetTxFiFo
                0x0800444c       0x8e ./Drivers/STM32F4xx_HAL_Driver/Src/stm32f4xx_hal_pcd_ex.o
                0x0800444c                HAL_PCDEx_SetTxFiFo
 .text.HAL_PCDEx_SetRxFiFo
                0x080044da       0x22 ./Drivers/STM32F4xx_HAL_Driver/Src/stm32f4xx_hal_pcd_ex.o
                0x080044da                HAL_PCDEx_SetRxFiFo
 .text.HAL_PCDEx_LPM_Callback
                0x080044fc       0x18 ./Drivers/STM32F4xx_HAL_Driver/Src/stm32f4xx_hal_pcd_ex.o
                0x080044fc                HAL_PCDEx_LPM_Callback
 .text.HAL_RCC_OscConfig
                0x08004514      0x4f0 ./Drivers/STM32F4xx_HAL_Driver/Src/stm32f4xx_hal_rcc.o
                0x08004514                HAL_RCC_OscConfig
 .text.HAL_RCC_ClockConfig
                0x08004a04      0x1cc ./Drivers/STM32F4xx_HAL_Driver/Src/stm32f4xx_hal_rcc.o
                0x08004a04                HAL_RCC_ClockConfig
 .text.HAL_RCC_GetSysClockFreq
                0x08004bd0      0x18c ./Drivers/STM32F4xx_HAL_Driver/Src/stm32f4xx_hal_rcc.o
                0x08004bd0                HAL_RCC_GetSysClockFreq
 .text.HAL_RCC_GetHCLKFreq
                0x08004d5c       0x18 ./Drivers/STM32F4xx_HAL_Driver/Src/stm32f4xx_hal_rcc.o
                0x08004d5c                HAL_RCC_GetHCLKFreq
 .text.HAL_TIM_Base_Init
                0x08004d74       0x9e ./Drivers/STM32F4xx_HAL_Driver/Src/stm32f4xx_hal_tim.o
                0x08004d74                HAL_TIM_Base_Init
 *fill*         0x08004e12        0x2 
 .text.HAL_TIM_Base_Start_IT
                0x08004e14       0xc4 ./Drivers/STM32F4xx_HAL_Driver/Src/stm32f4xx_hal_tim.o
                0x08004e14                HAL_TIM_Base_Start_IT
 .text.HAL_TIM_PWM_Init
                0x08004ed8       0x9e ./Drivers/STM32F4xx_HAL_Driver/Src/stm32f4xx_hal_tim.o
                0x08004ed8                HAL_TIM_PWM_Init
 .text.HAL_TIM_PWM_MspInit
                0x08004f76       0x14 ./Drivers/STM32F4xx_HAL_Driver/Src/stm32f4xx_hal_tim.o
                0x08004f76                HAL_TIM_PWM_MspInit
 *fill*         0x08004f8a        0x2 
 .text.HAL_TIM_PWM_Start
                0x08004f8c      0x160 ./Drivers/STM32F4xx_HAL_Driver/Src/stm32f4xx_hal_tim.o
                0x08004f8c                HAL_TIM_PWM_Start
 .text.HAL_TIM_PWM_Start_IT
                0x080050ec      0x1fc ./Drivers/STM32F4xx_HAL_Driver/Src/stm32f4xx_hal_tim.o
                0x080050ec                HAL_TIM_PWM_Start_IT
 .text.HAL_TIM_IRQHandler
                0x080052e8      0x1e0 ./Drivers/STM32F4xx_HAL_Driver/Src/stm32f4xx_hal_tim.o
                0x080052e8                HAL_TIM_IRQHandler
 .text.HAL_TIM_PWM_ConfigChannel
                0x080054c8      0x184 ./Drivers/STM32F4xx_HAL_Driver/Src/stm32f4xx_hal_tim.o
                0x080054c8                HAL_TIM_PWM_ConfigChannel
 .text.HAL_TIM_ConfigClockSource
                0x0800564c      0x18e ./Drivers/STM32F4xx_HAL_Driver/Src/stm32f4xx_hal_tim.o
                0x0800564c                HAL_TIM_ConfigClockSource
 .text.HAL_TIM_OC_DelayElapsedCallback
                0x080057da       0x14 ./Drivers/STM32F4xx_HAL_Driver/Src/stm32f4xx_hal_tim.o
                0x080057da                HAL_TIM_OC_DelayElapsedCallback
 .text.HAL_TIM_IC_CaptureCallback
                0x080057ee       0x14 ./Drivers/STM32F4xx_HAL_Driver/Src/stm32f4xx_hal_tim.o
                0x080057ee                HAL_TIM_IC_CaptureCallback
 .text.HAL_TIM_TriggerCallback
                0x08005802       0x14 ./Drivers/STM32F4xx_HAL_Driver/Src/stm32f4xx_hal_tim.o
                0x08005802                HAL_TIM_TriggerCallback
 *fill*         0x08005816        0x2 
 .text.TIM_Base_SetConfig
                0x08005818      0x10c ./Drivers/STM32F4xx_HAL_Driver/Src/stm32f4xx_hal_tim.o
                0x08005818                TIM_Base_SetConfig
 .text.TIM_OC1_SetConfig
                0x08005924       0xcc ./Drivers/STM32F4xx_HAL_Driver/Src/stm32f4xx_hal_tim.o
 .text.TIM_OC2_SetConfig
                0x080059f0       0xd8 ./Drivers/STM32F4xx_HAL_Driver/Src/stm32f4xx_hal_tim.o
                0x080059f0                TIM_OC2_SetConfig
 .text.TIM_OC3_SetConfig
                0x08005ac8       0xd4 ./Drivers/STM32F4xx_HAL_Driver/Src/stm32f4xx_hal_tim.o
 .text.TIM_OC4_SetConfig
                0x08005b9c       0xa0 ./Drivers/STM32F4xx_HAL_Driver/Src/stm32f4xx_hal_tim.o
 .text.TIM_TI1_ConfigInputStage
                0x08005c3c       0x5e ./Drivers/STM32F4xx_HAL_Driver/Src/stm32f4xx_hal_tim.o
 .text.TIM_TI2_ConfigInputStage
                0x08005c9a       0x60 ./Drivers/STM32F4xx_HAL_Driver/Src/stm32f4xx_hal_tim.o
 .text.TIM_ITRx_SetConfig
                0x08005cfa       0x36 ./Drivers/STM32F4xx_HAL_Driver/Src/stm32f4xx_hal_tim.o
 .text.TIM_ETR_SetConfig
                0x08005d30       0x40 ./Drivers/STM32F4xx_HAL_Driver/Src/stm32f4xx_hal_tim.o
                0x08005d30                TIM_ETR_SetConfig
 .text.TIM_CCxChannelCmd
                0x08005d70       0x4a ./Drivers/STM32F4xx_HAL_Driver/Src/stm32f4xx_hal_tim.o
                0x08005d70                TIM_CCxChannelCmd
 *fill*         0x08005dba        0x2 
 .text.HAL_TIMEx_MasterConfigSynchronization
                0x08005dbc       0xdc ./Drivers/STM32F4xx_HAL_Driver/Src/stm32f4xx_hal_tim_ex.o
                0x08005dbc                HAL_TIMEx_MasterConfigSynchronization
 .text.HAL_TIMEx_ConfigBreakDeadTime
                0x08005e98       0xa4 ./Drivers/STM32F4xx_HAL_Driver/Src/stm32f4xx_hal_tim_ex.o
                0x08005e98                HAL_TIMEx_ConfigBreakDeadTime
 .text.HAL_TIMEx_CommutCallback
                0x08005f3c       0x14 ./Drivers/STM32F4xx_HAL_Driver/Src/stm32f4xx_hal_tim_ex.o
                0x08005f3c                HAL_TIMEx_CommutCallback
 .text.HAL_TIMEx_BreakCallback
                0x08005f50       0x14 ./Drivers/STM32F4xx_HAL_Driver/Src/stm32f4xx_hal_tim_ex.o
                0x08005f50                HAL_TIMEx_BreakCallback
 .text.USB_CoreInit
                0x08005f64       0xc8 ./Drivers/STM32F4xx_HAL_Driver/Src/stm32f4xx_ll_usb.o
                0x08005f64                USB_CoreInit
 .text.USB_SetTurnaroundTime
                0x0800602c      0x144 ./Drivers/STM32F4xx_HAL_Driver/Src/stm32f4xx_ll_usb.o
                0x0800602c                USB_SetTurnaroundTime
 .text.USB_EnableGlobalInt
                0x08006170       0x22 ./Drivers/STM32F4xx_HAL_Driver/Src/stm32f4xx_ll_usb.o
                0x08006170                USB_EnableGlobalInt
 .text.USB_DisableGlobalInt
                0x08006192       0x22 ./Drivers/STM32F4xx_HAL_Driver/Src/stm32f4xx_ll_usb.o
                0x08006192                USB_DisableGlobalInt
 .text.USB_SetCurrentMode
                0x080061b4       0x98 ./Drivers/STM32F4xx_HAL_Driver/Src/stm32f4xx_ll_usb.o
                0x080061b4                USB_SetCurrentMode
 .text.USB_DevInit
                0x0800624c      0x2c8 ./Drivers/STM32F4xx_HAL_Driver/Src/stm32f4xx_ll_usb.o
                0x0800624c                USB_DevInit
 .text.USB_FlushTxFifo
                0x08006514       0x64 ./Drivers/STM32F4xx_HAL_Driver/Src/stm32f4xx_ll_usb.o
                0x08006514                USB_FlushTxFifo
 .text.USB_FlushRxFifo
                0x08006578       0x5c ./Drivers/STM32F4xx_HAL_Driver/Src/stm32f4xx_ll_usb.o
                0x08006578                USB_FlushRxFifo
 .text.USB_SetDevSpeed
                0x080065d4       0x32 ./Drivers/STM32F4xx_HAL_Driver/Src/stm32f4xx_ll_usb.o
                0x080065d4                USB_SetDevSpeed
 .text.USB_GetDevSpeed
                0x08006606       0x4a ./Drivers/STM32F4xx_HAL_Driver/Src/stm32f4xx_ll_usb.o
                0x08006606                USB_GetDevSpeed
 .text.USB_ActivateEndpoint
                0x08006650      0x10e ./Drivers/STM32F4xx_HAL_Driver/Src/stm32f4xx_ll_usb.o
                0x08006650                USB_ActivateEndpoint
 *fill*         0x0800675e        0x2 
 .text.USB_DeactivateEndpoint
                0x08006760      0x1b8 ./Drivers/STM32F4xx_HAL_Driver/Src/stm32f4xx_ll_usb.o
                0x08006760                USB_DeactivateEndpoint
 .text.USB_EPStartXfer
                0x08006918      0x53c ./Drivers/STM32F4xx_HAL_Driver/Src/stm32f4xx_ll_usb.o
                0x08006918                USB_EPStartXfer
 .text.USB_EPStopXfer
                0x08006e54      0x154 ./Drivers/STM32F4xx_HAL_Driver/Src/stm32f4xx_ll_usb.o
                0x08006e54                USB_EPStopXfer
 .text.USB_WritePacket
                0x08006fa8       0x7c ./Drivers/STM32F4xx_HAL_Driver/Src/stm32f4xx_ll_usb.o
                0x08006fa8                USB_WritePacket
 .text.USB_ReadPacket
                0x08007024       0xb0 ./Drivers/STM32F4xx_HAL_Driver/Src/stm32f4xx_ll_usb.o
                0x08007024                USB_ReadPacket
 .text.USB_EPSetStall
                0x080070d4       0xdc ./Drivers/STM32F4xx_HAL_Driver/Src/stm32f4xx_ll_usb.o
                0x080070d4                USB_EPSetStall
 .text.USB_EPClearStall
                0x080071b0       0xcc ./Drivers/STM32F4xx_HAL_Driver/Src/stm32f4xx_ll_usb.o
                0x080071b0                USB_EPClearStall
 .text.USB_SetDevAddress
                0x0800727c       0x4c ./Drivers/STM32F4xx_HAL_Driver/Src/stm32f4xx_ll_usb.o
                0x0800727c                USB_SetDevAddress
 .text.USB_DevConnect
                0x080072c8       0x42 ./Drivers/STM32F4xx_HAL_Driver/Src/stm32f4xx_ll_usb.o
                0x080072c8                USB_DevConnect
 .text.USB_DevDisconnect
                0x0800730a       0x42 ./Drivers/STM32F4xx_HAL_Driver/Src/stm32f4xx_ll_usb.o
                0x0800730a                USB_DevDisconnect
 .text.USB_ReadInterrupts
                0x0800734c       0x26 ./Drivers/STM32F4xx_HAL_Driver/Src/stm32f4xx_ll_usb.o
                0x0800734c                USB_ReadInterrupts
 .text.USB_ReadDevAllOutEpInterrupt
                0x08007372       0x34 ./Drivers/STM32F4xx_HAL_Driver/Src/stm32f4xx_ll_usb.o
                0x08007372                USB_ReadDevAllOutEpInterrupt
 .text.USB_ReadDevAllInEpInterrupt
                0x080073a6       0x34 ./Drivers/STM32F4xx_HAL_Driver/Src/stm32f4xx_ll_usb.o
                0x080073a6                USB_ReadDevAllInEpInterrupt
 .text.USB_ReadDevOutEPInterrupt
                0x080073da       0x3c ./Drivers/STM32F4xx_HAL_Driver/Src/stm32f4xx_ll_usb.o
                0x080073da                USB_ReadDevOutEPInterrupt
 .text.USB_ReadDevInEPInterrupt
                0x08007416       0x5c ./Drivers/STM32F4xx_HAL_Driver/Src/stm32f4xx_ll_usb.o
                0x08007416                USB_ReadDevInEPInterrupt
 .text.USB_GetMode
                0x08007472       0x1c ./Drivers/STM32F4xx_HAL_Driver/Src/stm32f4xx_ll_usb.o
                0x08007472                USB_GetMode
 .text.USB_ActivateSetup
                0x0800748e       0x46 ./Drivers/STM32F4xx_HAL_Driver/Src/stm32f4xx_ll_usb.o
                0x0800748e                USB_ActivateSetup
 .text.USB_EP0_OutStart
                0x080074d4       0xbc ./Drivers/STM32F4xx_HAL_Driver/Src/stm32f4xx_ll_usb.o
                0x080074d4                USB_EP0_OutStart
 .text.USB_CoreReset
                0x08007590       0x70 ./Drivers/STM32F4xx_HAL_Driver/Src/stm32f4xx_ll_usb.o
 .text.USBD_CDC_Init
                0x08007600      0x1f0 ./Middlewares/ST/STM32_USB_Device_Library/Class/CDC/Src/usbd_cdc.o
 .text.USBD_CDC_DeInit
                0x080077f0      0x104 ./Middlewares/ST/STM32_USB_Device_Library/Class/CDC/Src/usbd_cdc.o
 .text.USBD_CDC_Setup
                0x080078f4      0x1b8 ./Middlewares/ST/STM32_USB_Device_Library/Class/CDC/Src/usbd_cdc.o
 .text.USBD_CDC_DataIn
                0x08007aac       0xfe ./Middlewares/ST/STM32_USB_Device_Library/Class/CDC/Src/usbd_cdc.o
 .text.USBD_CDC_DataOut
                0x08007baa       0x70 ./Middlewares/ST/STM32_USB_Device_Library/Class/CDC/Src/usbd_cdc.o
 .text.USBD_CDC_EP0_RxReady
                0x08007c1a       0x74 ./Middlewares/ST/STM32_USB_Device_Library/Class/CDC/Src/usbd_cdc.o
 *fill*         0x08007c8e        0x2 
 .text.USBD_CDC_GetFSCfgDesc
                0x08007c90       0x70 ./Middlewares/ST/STM32_USB_Device_Library/Class/CDC/Src/usbd_cdc.o
 .text.USBD_CDC_GetHSCfgDesc
                0x08007d00       0x70 ./Middlewares/ST/STM32_USB_Device_Library/Class/CDC/Src/usbd_cdc.o
 .text.USBD_CDC_GetOtherSpeedCfgDesc
                0x08007d70       0x70 ./Middlewares/ST/STM32_USB_Device_Library/Class/CDC/Src/usbd_cdc.o
 .text.USBD_CDC_GetDeviceQualifierDescriptor
                0x08007de0       0x20 ./Middlewares/ST/STM32_USB_Device_Library/Class/CDC/Src/usbd_cdc.o
                0x08007de0                USBD_CDC_GetDeviceQualifierDescriptor
 .text.USBD_CDC_RegisterInterface
                0x08007e00       0x34 ./Middlewares/ST/STM32_USB_Device_Library/Class/CDC/Src/usbd_cdc.o
                0x08007e00                USBD_CDC_RegisterInterface
 .text.USBD_CDC_SetTxBuffer
                0x08007e34       0x44 ./Middlewares/ST/STM32_USB_Device_Library/Class/CDC/Src/usbd_cdc.o
                0x08007e34                USBD_CDC_SetTxBuffer
 .text.USBD_CDC_SetRxBuffer
                0x08007e78       0x3a ./Middlewares/ST/STM32_USB_Device_Library/Class/CDC/Src/usbd_cdc.o
                0x08007e78                USBD_CDC_SetRxBuffer
 *fill*         0x08007eb2        0x2 
 .text.USBD_CDC_TransmitPacket
                0x08007eb4       0x80 ./Middlewares/ST/STM32_USB_Device_Library/Class/CDC/Src/usbd_cdc.o
                0x08007eb4                USBD_CDC_TransmitPacket
 .text.USBD_CDC_ReceivePacket
                0x08007f34       0x6c ./Middlewares/ST/STM32_USB_Device_Library/Class/CDC/Src/usbd_cdc.o
                0x08007f34                USBD_CDC_ReceivePacket
 .text.USBD_Init
                0x08007fa0       0x60 ./Middlewares/ST/STM32_USB_Device_Library/Core/Src/usbd_core.o
                0x08007fa0                USBD_Init
 .text.USBD_RegisterClass
                0x08008000       0x6c ./Middlewares/ST/STM32_USB_Device_Library/Core/Src/usbd_core.o
                0x08008000                USBD_RegisterClass
 .text.USBD_Start
                0x0800806c       0x18 ./Middlewares/ST/STM32_USB_Device_Library/Core/Src/usbd_core.o
                0x0800806c                USBD_Start
 .text.USBD_RunTestMode
                0x08008084       0x16 ./Middlewares/ST/STM32_USB_Device_Library/Core/Src/usbd_core.o
                0x08008084                USBD_RunTestMode
 .text.USBD_SetClassConfig
                0x0800809a       0x38 ./Middlewares/ST/STM32_USB_Device_Library/Core/Src/usbd_core.o
                0x0800809a                USBD_SetClassConfig
 .text.USBD_ClrClassConfig
                0x080080d2       0x34 ./Middlewares/ST/STM32_USB_Device_Library/Core/Src/usbd_core.o
                0x080080d2                USBD_ClrClassConfig
 .text.USBD_LL_SetupStage
                0x08008106       0xaa ./Middlewares/ST/STM32_USB_Device_Library/Core/Src/usbd_core.o
                0x08008106                USBD_LL_SetupStage
 .text.USBD_LL_DataOutStage
                0x080081b0      0x178 ./Middlewares/ST/STM32_USB_Device_Library/Core/Src/usbd_core.o
                0x080081b0                USBD_LL_DataOutStage
 .text.USBD_LL_DataInStage
                0x08008328      0x176 ./Middlewares/ST/STM32_USB_Device_Library/Core/Src/usbd_core.o
                0x08008328                USBD_LL_DataInStage
 .text.USBD_LL_Reset
                0x0800849e       0xa6 ./Middlewares/ST/STM32_USB_Device_Library/Core/Src/usbd_core.o
                0x0800849e                USBD_LL_Reset
 .text.USBD_LL_SetSpeed
                0x08008544       0x20 ./Middlewares/ST/STM32_USB_Device_Library/Core/Src/usbd_core.o
                0x08008544                USBD_LL_SetSpeed
 .text.USBD_LL_Suspend
                0x08008564       0x38 ./Middlewares/ST/STM32_USB_Device_Library/Core/Src/usbd_core.o
                0x08008564                USBD_LL_Suspend
 .text.USBD_LL_Resume
                0x0800859c       0x30 ./Middlewares/ST/STM32_USB_Device_Library/Core/Src/usbd_core.o
                0x0800859c                USBD_LL_Resume
 .text.USBD_LL_SOF
                0x080085cc       0x40 ./Middlewares/ST/STM32_USB_Device_Library/Core/Src/usbd_core.o
                0x080085cc                USBD_LL_SOF
 .text.USBD_LL_IsoINIncomplete
                0x0800860c       0x64 ./Middlewares/ST/STM32_USB_Device_Library/Core/Src/usbd_core.o
                0x0800860c                USBD_LL_IsoINIncomplete
 .text.USBD_LL_IsoOUTIncomplete
                0x08008670       0x64 ./Middlewares/ST/STM32_USB_Device_Library/Core/Src/usbd_core.o
                0x08008670                USBD_LL_IsoOUTIncomplete
 .text.USBD_LL_DevConnected
                0x080086d4       0x16 ./Middlewares/ST/STM32_USB_Device_Library/Core/Src/usbd_core.o
                0x080086d4                USBD_LL_DevConnected
 .text.USBD_LL_DevDisconnected
                0x080086ea       0x46 ./Middlewares/ST/STM32_USB_Device_Library/Core/Src/usbd_core.o
                0x080086ea                USBD_LL_DevDisconnected
 .text.USBD_CoreFindIF
                0x08008730       0x1a ./Middlewares/ST/STM32_USB_Device_Library/Core/Src/usbd_core.o
                0x08008730                USBD_CoreFindIF
 .text.USBD_CoreFindEP
                0x0800874a       0x1a ./Middlewares/ST/STM32_USB_Device_Library/Core/Src/usbd_core.o
                0x0800874a                USBD_CoreFindEP
 .text.USBD_GetEpDesc
                0x08008764       0x70 ./Middlewares/ST/STM32_USB_Device_Library/Core/Src/usbd_core.o
                0x08008764                USBD_GetEpDesc
 .text.USBD_GetNextDesc
                0x080087d4       0x38 ./Middlewares/ST/STM32_USB_Device_Library/Core/Src/usbd_core.o
                0x080087d4                USBD_GetNextDesc
 .text.SWAPBYTE
                0x0800880c       0x3e ./Middlewares/ST/STM32_USB_Device_Library/Core/Src/usbd_ctlreq.o
 *fill*         0x0800884a        0x2 
 .text.USBD_StdDevReq
                0x0800884c       0xe4 ./Middlewares/ST/STM32_USB_Device_Library/Core/Src/usbd_ctlreq.o
                0x0800884c                USBD_StdDevReq
 .text.USBD_StdItfReq
                0x08008930       0xd8 ./Middlewares/ST/STM32_USB_Device_Library/Core/Src/usbd_ctlreq.o
                0x08008930                USBD_StdItfReq
 .text.USBD_StdEPReq
                0x08008a08      0x33e ./Middlewares/ST/STM32_USB_Device_Library/Core/Src/usbd_ctlreq.o
                0x08008a08                USBD_StdEPReq
 *fill*         0x08008d46        0x2 
 .text.USBD_GetDescriptor
                0x08008d48      0x2d4 ./Middlewares/ST/STM32_USB_Device_Library/Core/Src/usbd_ctlreq.o
 .text.USBD_SetAddress
                0x0800901c       0x88 ./Middlewares/ST/STM32_USB_Device_Library/Core/Src/usbd_ctlreq.o
 .text.USBD_SetConfig
                0x080090a4      0x154 ./Middlewares/ST/STM32_USB_Device_Library/Core/Src/usbd_ctlreq.o
 .text.USBD_GetConfig
                0x080091f8       0x6c ./Middlewares/ST/STM32_USB_Device_Library/Core/Src/usbd_ctlreq.o
 .text.USBD_GetStatus
                0x08009264       0x68 ./Middlewares/ST/STM32_USB_Device_Library/Core/Src/usbd_ctlreq.o
 .text.USBD_SetFeature
                0x080092cc       0x52 ./Middlewares/ST/STM32_USB_Device_Library/Core/Src/usbd_ctlreq.o
 .text.USBD_ClrFeature
                0x0800931e       0x44 ./Middlewares/ST/STM32_USB_Device_Library/Core/Src/usbd_ctlreq.o
 .text.USBD_ParseSetupRequest
                0x08009362       0x74 ./Middlewares/ST/STM32_USB_Device_Library/Core/Src/usbd_ctlreq.o
                0x08009362                USBD_ParseSetupRequest
 .text.USBD_CtlError
                0x080093d6       0x22 ./Middlewares/ST/STM32_USB_Device_Library/Core/Src/usbd_ctlreq.o
                0x080093d6                USBD_CtlError
 .text.USBD_GetString
                0x080093f8       0xa4 ./Middlewares/ST/STM32_USB_Device_Library/Core/Src/usbd_ctlreq.o
                0x080093f8                USBD_GetString
 .text.USBD_GetLen
                0x0800949c       0x34 ./Middlewares/ST/STM32_USB_Device_Library/Core/Src/usbd_ctlreq.o
 .text.USBD_CtlSendData
                0x080094d0       0x3c ./Middlewares/ST/STM32_USB_Device_Library/Core/Src/usbd_ioreq.o
                0x080094d0                USBD_CtlSendData
 .text.USBD_CtlContinueSendData
                0x0800950c       0x22 ./Middlewares/ST/STM32_USB_Device_Library/Core/Src/usbd_ioreq.o
                0x0800950c                USBD_CtlContinueSendData
 .text.USBD_CtlPrepareRx
                0x0800952e       0x42 ./Middlewares/ST/STM32_USB_Device_Library/Core/Src/usbd_ioreq.o
                0x0800952e                USBD_CtlPrepareRx
 .text.USBD_CtlContinueRx
                0x08009570       0x22 ./Middlewares/ST/STM32_USB_Device_Library/Core/Src/usbd_ioreq.o
                0x08009570                USBD_CtlContinueRx
 .text.USBD_CtlSendStatus
                0x08009592       0x26 ./Middlewares/ST/STM32_USB_Device_Library/Core/Src/usbd_ioreq.o
                0x08009592                USBD_CtlSendStatus
 .text.USBD_CtlReceiveStatus
                0x080095b8       0x26 ./Middlewares/ST/STM32_USB_Device_Library/Core/Src/usbd_ioreq.o
                0x080095b8                USBD_CtlReceiveStatus
 *fill*         0x080095de        0x2 
 .text.MX_USB_DEVICE_Init
                0x080095e0       0x60 ./USB_DEVICE/App/usb_device.o
                0x080095e0                MX_USB_DEVICE_Init
 .text.CDC_Init_FS
                0x08009640       0x28 ./USB_DEVICE/App/usbd_cdc_if.o
 .text.CDC_DeInit_FS
                0x08009668       0x10 ./USB_DEVICE/App/usbd_cdc_if.o
 .text.CDC_Control_FS
                0x08009678       0xbc ./USB_DEVICE/App/usbd_cdc_if.o
 .text.CDC_Receive_FS
                0x08009734       0x28 ./USB_DEVICE/App/usbd_cdc_if.o
 .text.CDC_Transmit_FS
                0x0800975c       0x4c ./USB_DEVICE/App/usbd_cdc_if.o
                0x0800975c                CDC_Transmit_FS
 .text.CDC_TxReady_FS
                0x080097a8       0x38 ./USB_DEVICE/App/usbd_cdc_if.o
                0x080097a8                CDC_TxReady_FS
 .text.CDC_TransmitCplt_FS
                0x080097e0       0x22 ./USB_DEVICE/App/usbd_cdc_if.o
 *fill*         0x08009802        0x2 
 .text.USBD_FS_DeviceDescriptor
                0x08009804       0x24 ./USB_DEVICE/App/usbd_desc.o
                0x08009804                USBD_FS_DeviceDescriptor
 .text.USBD_FS_LangIDStrDescriptor
                0x08009828       0x24 ./USB_DEVICE/App/usbd_desc.o
                0x08009828                USBD_FS_LangIDStrDescriptor
 .text.USBD_FS_ProductStrDescriptor
                0x0800984c       0x3c ./USB_DEVICE/App/usbd_desc.o
                0x0800984c                USBD_FS_ProductStrDescriptor
 .text.USBD_FS_ManufacturerStrDescriptor
                0x08009888       0x28 ./USB_DEVICE/App/usbd_desc.o
                0x08009888                USBD_FS_ManufacturerStrDescriptor
 .text.USBD_FS_SerialStrDescriptor
                0x080098b0       0x24 ./USB_DEVICE/App/usbd_desc.o
                0x080098b0                USBD_FS_SerialStrDescriptor
 .text.USBD_FS_ConfigStrDescriptor
                0x080098d4       0x3c ./USB_DEVICE/App/usbd_desc.o
                0x080098d4                USBD_FS_ConfigStrDescriptor
 .text.USBD_FS_InterfaceStrDescriptor
                0x08009910       0x3c ./USB_DEVICE/App/usbd_desc.o
                0x08009910                USBD_FS_InterfaceStrDescriptor
 .text.Get_SerialNum
                0x0800994c       0x58 ./USB_DEVICE/App/usbd_desc.o
 .text.IntToUnicode
                0x080099a4       0x7e ./USB_DEVICE/App/usbd_desc.o
 *fill*         0x08009a22        0x2 
 .text.HAL_PCD_MspInit
                0x08009a24       0xa8 ./USB_DEVICE/Target/usbd_conf.o
                0x08009a24                HAL_PCD_MspInit
 .text.HAL_PCD_SetupStageCallback
                0x08009acc       0x24 ./USB_DEVICE/Target/usbd_conf.o
                0x08009acc                HAL_PCD_SetupStageCallback
 .text.HAL_PCD_DataOutStageCallback
                0x08009af0       0x36 ./USB_DEVICE/Target/usbd_conf.o
                0x08009af0                HAL_PCD_DataOutStageCallback
 .text.HAL_PCD_DataInStageCallback
                0x08009b26       0x34 ./USB_DEVICE/Target/usbd_conf.o
                0x08009b26                HAL_PCD_DataInStageCallback
 .text.HAL_PCD_SOFCallback
                0x08009b5a       0x1c ./USB_DEVICE/Target/usbd_conf.o
                0x08009b5a                HAL_PCD_SOFCallback
 .text.HAL_PCD_ResetCallback
                0x08009b76       0x3c ./USB_DEVICE/Target/usbd_conf.o
                0x08009b76                HAL_PCD_ResetCallback
 *fill*         0x08009bb2        0x2 
 .text.HAL_PCD_SuspendCallback
                0x08009bb4       0x4c ./USB_DEVICE/Target/usbd_conf.o
                0x08009bb4                HAL_PCD_SuspendCallback
 .text.HAL_PCD_ResumeCallback
                0x08009c00       0x1c ./USB_DEVICE/Target/usbd_conf.o
                0x08009c00                HAL_PCD_ResumeCallback
 .text.HAL_PCD_ISOOUTIncompleteCallback
                0x08009c1c       0x24 ./USB_DEVICE/Target/usbd_conf.o
                0x08009c1c                HAL_PCD_ISOOUTIncompleteCallback
 .text.HAL_PCD_ISOINIncompleteCallback
                0x08009c40       0x24 ./USB_DEVICE/Target/usbd_conf.o
                0x08009c40                HAL_PCD_ISOINIncompleteCallback
 .text.HAL_PCD_ConnectCallback
                0x08009c64       0x1c ./USB_DEVICE/Target/usbd_conf.o
                0x08009c64                HAL_PCD_ConnectCallback
 .text.HAL_PCD_DisconnectCallback
                0x08009c80       0x1c ./USB_DEVICE/Target/usbd_conf.o
                0x08009c80                HAL_PCD_DisconnectCallback
 .text.USBD_LL_Init
                0x08009c9c       0x98 ./USB_DEVICE/Target/usbd_conf.o
                0x08009c9c                USBD_LL_Init
 .text.USBD_LL_Start
                0x08009d34       0x36 ./USB_DEVICE/Target/usbd_conf.o
                0x08009d34                USBD_LL_Start
 .text.USBD_LL_OpenEP
                0x08009d6a       0x4c ./USB_DEVICE/Target/usbd_conf.o
                0x08009d6a                USBD_LL_OpenEP
 .text.USBD_LL_CloseEP
                0x08009db6       0x3e ./USB_DEVICE/Target/usbd_conf.o
                0x08009db6                USBD_LL_CloseEP
 .text.USBD_LL_StallEP
                0x08009df4       0x3e ./USB_DEVICE/Target/usbd_conf.o
                0x08009df4                USBD_LL_StallEP
 .text.USBD_LL_ClearStallEP
                0x08009e32       0x3e ./USB_DEVICE/Target/usbd_conf.o
                0x08009e32                USBD_LL_ClearStallEP
 .text.USBD_LL_IsStallEP
                0x08009e70       0x58 ./USB_DEVICE/Target/usbd_conf.o
                0x08009e70                USBD_LL_IsStallEP
 .text.USBD_LL_SetUSBAddress
                0x08009ec8       0x3e ./USB_DEVICE/Target/usbd_conf.o
                0x08009ec8                USBD_LL_SetUSBAddress
 .text.USBD_LL_Transmit
                0x08009f06       0x42 ./USB_DEVICE/Target/usbd_conf.o
                0x08009f06                USBD_LL_Transmit
 .text.USBD_LL_PrepareReceive
                0x08009f48       0x42 ./USB_DEVICE/Target/usbd_conf.o
                0x08009f48                USBD_LL_PrepareReceive
 .text.USBD_LL_GetRxDataSize
                0x08009f8a       0x26 ./USB_DEVICE/Target/usbd_conf.o
                0x08009f8a                USBD_LL_GetRxDataSize
 .text.USBD_static_malloc
                0x08009fb0       0x1c ./USB_DEVICE/Target/usbd_conf.o
                0x08009fb0                USBD_static_malloc
 .text.USBD_static_free
                0x08009fcc       0x14 ./USB_DEVICE/Target/usbd_conf.o
                0x08009fcc                USBD_static_free
 .text.USBD_Get_USB_Status
                0x08009fe0       0x58 ./USB_DEVICE/Target/usbd_conf.o
                0x08009fe0                USBD_Get_USB_Status
 .text.memset   0x0800a038       0x10 C:/ST/STM32CubeIDE_1.19.0/STM32CubeIDE/plugins/com.st.stm32cube.ide.mcu.externaltools.gnu-tools-for-stm32.13.3.rel1.win32_1.0.0.202411081344/tools/bin/../lib/gcc/arm-none-eabi/13.3.1/../../../../arm-none-eabi/lib/thumb/v7e-m+fp/hard\libc_nano.a(libc_a-memset.o)
                0x0800a038                memset
 .text.__libc_init_array
                0x0800a048       0x48 C:/ST/STM32CubeIDE_1.19.0/STM32CubeIDE/plugins/com.st.stm32cube.ide.mcu.externaltools.gnu-tools-for-stm32.13.3.rel1.win32_1.0.0.202411081344/tools/bin/../lib/gcc/arm-none-eabi/13.3.1/../../../../arm-none-eabi/lib/thumb/v7e-m+fp/hard\libc_nano.a(libc_a-init.o)
                0x0800a048                __libc_init_array
 *(.glue_7)
 .glue_7        0x0800a090        0x0 linker stubs
 *(.glue_7t)
 .glue_7t       0x0800a090        0x0 linker stubs
 *(.eh_frame)
 .eh_frame      0x0800a090        0x0 C:/ST/STM32CubeIDE_1.19.0/STM32CubeIDE/plugins/com.st.stm32cube.ide.mcu.externaltools.gnu-tools-for-stm32.13.3.rel1.win32_1.0.0.202411081344/tools/bin/../lib/gcc/arm-none-eabi/13.3.1/thumb/v7e-m+fp/hard/crtbegin.o
 *(.init)
 .init          0x0800a090        0x4 C:/ST/STM32CubeIDE_1.19.0/STM32CubeIDE/plugins/com.st.stm32cube.ide.mcu.externaltools.gnu-tools-for-stm32.13.3.rel1.win32_1.0.0.202411081344/tools/bin/../lib/gcc/arm-none-eabi/13.3.1/thumb/v7e-m+fp/hard/crti.o
                0x0800a090                _init
 .init          0x0800a094        0x8 C:/ST/STM32CubeIDE_1.19.0/STM32CubeIDE/plugins/com.st.stm32cube.ide.mcu.externaltools.gnu-tools-for-stm32.13.3.rel1.win32_1.0.0.202411081344/tools/bin/../lib/gcc/arm-none-eabi/13.3.1/thumb/v7e-m+fp/hard/crtn.o
 *(.fini)
 .fini          0x0800a09c        0x4 C:/ST/STM32CubeIDE_1.19.0/STM32CubeIDE/plugins/com.st.stm32cube.ide.mcu.externaltools.gnu-tools-for-stm32.13.3.rel1.win32_1.0.0.202411081344/tools/bin/../lib/gcc/arm-none-eabi/13.3.1/thumb/v7e-m+fp/hard/crti.o
                0x0800a09c                _fini
 .fini          0x0800a0a0        0x8 C:/ST/STM32CubeIDE_1.19.0/STM32CubeIDE/plugins/com.st.stm32cube.ide.mcu.externaltools.gnu-tools-for-stm32.13.3.rel1.win32_1.0.0.202411081344/tools/bin/../lib/gcc/arm-none-eabi/13.3.1/thumb/v7e-m+fp/hard/crtn.o
                0x0800a0a8                        . = ALIGN (0x4)
                0x0800a0a8                        _etext = .

.vfp11_veneer   0x0800a0a8        0x0
 .vfp11_veneer  0x0800a0a8        0x0 linker stubs

.v4_bx          0x0800a0a8        0x0
 .v4_bx         0x0800a0a8        0x0 linker stubs

.iplt           0x0800a0a8        0x0
 .iplt          0x0800a0a8        0x0 C:/ST/STM32CubeIDE_1.19.0/STM32CubeIDE/plugins/com.st.stm32cube.ide.mcu.externaltools.gnu-tools-for-stm32.13.3.rel1.win32_1.0.0.202411081344/tools/bin/../lib/gcc/arm-none-eabi/13.3.1/thumb/v7e-m+fp/hard/crtbegin.o

.rodata         0x0800a0a8       0xec
                0x0800a0a8                        . = ALIGN (0x4)
 *(.rodata)
 .rodata        0x0800a0a8       0x8c ./Core/Src/main.o
 .rodata        0x0800a134       0x46 ./USB_DEVICE/App/usbd_desc.o
 *(.rodata*)
 *fill*         0x0800a17a        0x2 
 .rodata.AHBPrescTable
                0x0800a17c       0x10 ./Core/Src/system_stm32f4xx.o
                0x0800a17c                AHBPrescTable
 .rodata.flagBitshiftOffset.0
                0x0800a18c        0x8 ./Drivers/STM32F4xx_HAL_Driver/Src/stm32f4xx_hal_dma.o
                0x0800a194                        . = ALIGN (0x4)

.ARM.extab      0x0800a194        0x0
                0x0800a194                        . = ALIGN (0x4)
 *(.ARM.extab* .gnu.linkonce.armextab.*)
                0x0800a194                        . = ALIGN (0x4)

.ARM            0x0800a194        0x8
                0x0800a194                        . = ALIGN (0x4)
                0x0800a194                        __exidx_start = .
 *(.ARM.exidx*)
 .ARM.exidx     0x0800a194        0x8 C:/ST/STM32CubeIDE_1.19.0/STM32CubeIDE/plugins/com.st.stm32cube.ide.mcu.externaltools.gnu-tools-for-stm32.13.3.rel1.win32_1.0.0.202411081344/tools/bin/../lib/gcc/arm-none-eabi/13.3.1/../../../../arm-none-eabi/lib/thumb/v7e-m+fp/hard\libc_nano.a(libc_a-strlen.o)
 .ARM.exidx     0x0800a19c        0x0 C:/ST/STM32CubeIDE_1.19.0/STM32CubeIDE/plugins/com.st.stm32cube.ide.mcu.externaltools.gnu-tools-for-stm32.13.3.rel1.win32_1.0.0.202411081344/tools/bin/../lib/gcc/arm-none-eabi/13.3.1/thumb/v7e-m+fp/hard\libgcc.a(_udivmoddi4.o)
                                  0x8 (size before relaxing)
                0x0800a19c                        __exidx_end = .
                0x0800a19c                        . = ALIGN (0x4)

.preinit_array  0x0800a19c        0x0
                0x0800a19c                        . = ALIGN (0x4)
                0x0800a19c                        PROVIDE (__preinit_array_start = .)
 *(.preinit_array*)
                0x0800a19c                        PROVIDE (__preinit_array_end = .)
                0x0800a19c                        . = ALIGN (0x4)

.init_array     0x0800a19c        0x4
                0x0800a19c                        . = ALIGN (0x4)
                0x0800a19c                        PROVIDE (__init_array_start = .)
 *(SORT_BY_NAME(.init_array.*))
 *(.init_array*)
 .init_array    0x0800a19c        0x4 C:/ST/STM32CubeIDE_1.19.0/STM32CubeIDE/plugins/com.st.stm32cube.ide.mcu.externaltools.gnu-tools-for-stm32.13.3.rel1.win32_1.0.0.202411081344/tools/bin/../lib/gcc/arm-none-eabi/13.3.1/thumb/v7e-m+fp/hard/crtbegin.o
                0x0800a1a0                        PROVIDE (__init_array_end = .)
                0x0800a1a0                        . = ALIGN (0x4)

.fini_array     0x0800a1a0        0x4
                0x0800a1a0                        . = ALIGN (0x4)
                [!provide]                        PROVIDE (__fini_array_start = .)
 *(SORT_BY_NAME(.fini_array.*))
 *(.fini_array*)
 .fini_array    0x0800a1a0        0x4 C:/ST/STM32CubeIDE_1.19.0/STM32CubeIDE/plugins/com.st.stm32cube.ide.mcu.externaltools.gnu-tools-for-stm32.13.3.rel1.win32_1.0.0.202411081344/tools/bin/../lib/gcc/arm-none-eabi/13.3.1/thumb/v7e-m+fp/hard/crtbegin.o
                [!provide]                        PROVIDE (__fini_array_end = .)
                0x0800a1a4                        . = ALIGN (0x4)
                0x0800a1a4                        _sidata = LOADADDR (.data)

.rel.dyn        0x0800a1a4        0x0
 .rel.iplt      0x0800a1a4        0x0 C:/ST/STM32CubeIDE_1.19.0/STM32CubeIDE/plugins/com.st.stm32cube.ide.mcu.externaltools.gnu-tools-for-stm32.13.3.rel1.win32_1.0.0.202411081344/tools/bin/../lib/gcc/arm-none-eabi/13.3.1/thumb/v7e-m+fp/hard/crtbegin.o

.data           0x20000000      0x100 load address 0x0800a1a4
                0x20000000                        . = ALIGN (0x4)
                0x20000000                        _sdata = .
 *(.data)
 *(.data*)
 .data.ccd_active_slot
                0x20000000        0x1 ./Core/Src/main.o
                0x20000000                ccd_active_slot
 .data.ccd_sending_slot
                0x20000001        0x1 ./Core/Src/main.o
                0x20000001                ccd_sending_slot
 *fill*         0x20000002        0x2 
 .data.SystemCoreClock
                0x20000004        0x4 ./Core/Src/system_stm32f4xx.o
                0x20000004                SystemCoreClock
 .data.uwTickPrio
                0x20000008        0x4 ./Drivers/STM32F4xx_HAL_Driver/Src/stm32f4xx_hal.o
                0x20000008                uwTickPrio
 .data.uwTickFreq
                0x2000000c        0x1 ./Drivers/STM32F4xx_HAL_Driver/Src/stm32f4xx_hal.o
                0x2000000c                uwTickFreq
 *fill*         0x2000000d        0x3 
 .data.USBD_CDC_DeviceQualifierDesc
                0x20000010        0xa ./Middlewares/ST/STM32_USB_Device_Library/Class/CDC/Src/usbd_cdc.o
 *fill*         0x2000001a        0x2 
 .data.USBD_CDC
                0x2000001c       0x38 ./Middlewares/ST/STM32_USB_Device_Library/Class/CDC/Src/usbd_cdc.o
                0x2000001c                USBD_CDC
 .data.USBD_CDC_CfgDesc
                0x20000054       0x43 ./Middlewares/ST/STM32_USB_Device_Library/Class/CDC/Src/usbd_cdc.o
 .data.CDCInEpAdd
                0x20000097        0x1 ./Middlewares/ST/STM32_USB_Device_Library/Class/CDC/Src/usbd_cdc.o
 .data.CDCOutEpAdd
                0x20000098        0x1 ./Middlewares/ST/STM32_USB_Device_Library/Class/CDC/Src/usbd_cdc.o
 .data.CDCCmdEpAdd
                0x20000099        0x1 ./Middlewares/ST/STM32_USB_Device_Library/Class/CDC/Src/usbd_cdc.o
 *fill*         0x2000009a        0x2 
 .data.USBD_Interface_fops_FS
                0x2000009c       0x14 ./USB_DEVICE/App/usbd_cdc_if.o
                0x2000009c                USBD_Interface_fops_FS
 .data.FS_Desc  0x200000b0       0x1c ./USB_DEVICE/App/usbd_desc.o
                0x200000b0                FS_Desc
 .data.USBD_FS_DeviceDesc
                0x200000cc       0x12 ./USB_DEVICE/App/usbd_desc.o
                0x200000cc                USBD_FS_DeviceDesc
 *fill*         0x200000de        0x2 
 .data.USBD_LangIDDesc
                0x200000e0        0x4 ./USB_DEVICE/App/usbd_desc.o
                0x200000e0                USBD_LangIDDesc
 .data.USBD_StringSerial
                0x200000e4       0x1a ./USB_DEVICE/App/usbd_desc.o
                0x200000e4                USBD_StringSerial
 *(.RamFunc)
 *(.RamFunc*)
                0x20000100                        . = ALIGN (0x4)
 *fill*         0x200000fe        0x2 
                0x20000100                        _edata = .

.igot.plt       0x20000100        0x0 load address 0x0800a2a4
 .igot.plt      0x20000100        0x0 C:/ST/STM32CubeIDE_1.19.0/STM32CubeIDE/plugins/com.st.stm32cube.ide.mcu.externaltools.gnu-tools-for-stm32.13.3.rel1.win32_1.0.0.202411081344/tools/bin/../lib/gcc/arm-none-eabi/13.3.1/thumb/v7e-m+fp/hard/crtbegin.o
                0x20000100                        . = ALIGN (0x4)

.bss            0x20000100     0x9218 load address 0x0800a2a4
                0x20000100                        _sbss = .
                0x20000100                        __bss_start__ = _sbss
 *(.bss)
 .bss           0x20000100       0x1c C:/ST/STM32CubeIDE_1.19.0/STM32CubeIDE/plugins/com.st.stm32cube.ide.mcu.externaltools.gnu-tools-for-stm32.13.3.rel1.win32_1.0.0.202411081344/tools/bin/../lib/gcc/arm-none-eabi/13.3.1/thumb/v7e-m+fp/hard/crtbegin.o
 *(.bss*)
 .bss.hadc1     0x2000011c       0x48 ./Core/Src/main.o
                0x2000011c                hadc1
 .bss.hdma_adc1
                0x20000164       0x60 ./Core/Src/main.o
                0x20000164                hdma_adc1
 .bss.htim1     0x200001c4       0x48 ./Core/Src/main.o
                0x200001c4                htim1
 .bss.htim2     0x2000020c       0x48 ./Core/Src/main.o
                0x2000020c                htim2
 .bss.htim3     0x20000254       0x48 ./Core/Src/main.o
                0x20000254                htim3
 .bss.htim4     0x2000029c       0x48 ./Core/Src/main.o
                0x2000029c                htim4
 .bss.htim5     0x200002e4       0x48 ./Core/Src/main.o
                0x200002e4                htim5
 .bss.ccd_frame_slots
                0x2000032c     0x73e0 ./Core/Src/main.o
                0x2000032c                ccd_frame_slots
 .bss.ccd_next_tx_slot
                0x2000770c        0x1 ./Core/Src/main.o
                0x2000770c                ccd_next_tx_slot
 *fill*         0x2000770d        0x3 
 .bss.ccd_icg_cycle_counter
                0x20007710        0x4 ./Core/Src/main.o
                0x20007710                ccd_icg_cycle_counter
 .bss.ccd_frame_counter
                0x20007714        0x4 ./Core/Src/main.o
                0x20007714                ccd_frame_counter
 .bss.ccd_dma_half_count
                0x20007718        0x4 ./Core/Src/main.o
                0x20007718                ccd_dma_half_count
 .bss.ccd_dma_full_count
                0x2000771c        0x4 ./Core/Src/main.o
                0x2000771c                ccd_dma_full_count
 .bss.ccd_icg_start_count
                0x20007720        0x4 ./Core/Src/main.o
                0x20007720                ccd_icg_start_count
 .bss.ccd_icg_end_count
                0x20007724        0x4 ./Core/Src/main.o
                0x20007724                ccd_icg_end_count
 .bss.ccd_dropped_frame_count
                0x20007728        0x4 ./Core/Src/main.o
                0x20007728                ccd_dropped_frame_count
 .bss.ccd_usb_timeout_count
                0x2000772c        0x4 ./Core/Src/main.o
                0x2000772c                ccd_usb_timeout_count
 .bss.uwTick    0x20007730        0x4 ./Drivers/STM32F4xx_HAL_Driver/Src/stm32f4xx_hal.o
                0x20007730                uwTick
 .bss.cfgidx.0  0x20007734        0x1 ./Middlewares/ST/STM32_USB_Device_Library/Core/Src/usbd_ctlreq.o
 *fill*         0x20007735        0x3 
 .bss.hUsbDeviceFS
                0x20007738      0x2dc ./USB_DEVICE/App/usb_device.o
                0x20007738                hUsbDeviceFS
 .bss.UserRxBufferFS
                0x20007a14      0x800 ./USB_DEVICE/App/usbd_cdc_if.o
                0x20007a14                UserRxBufferFS
 .bss.UserTxBufferFS
                0x20008214      0x800 ./USB_DEVICE/App/usbd_cdc_if.o
                0x20008214                UserTxBufferFS
 .bss.USBD_StrDesc
                0x20008a14      0x200 ./USB_DEVICE/App/usbd_desc.o
                0x20008a14                USBD_StrDesc
 .bss.hpcd_USB_OTG_FS
                0x20008c14      0x4e4 ./USB_DEVICE/Target/usbd_conf.o
                0x20008c14                hpcd_USB_OTG_FS
 .bss.mem.0     0x200090f8      0x220 ./USB_DEVICE/Target/usbd_conf.o
 *(COMMON)
                0x20009318                        . = ALIGN (0x4)
                0x20009318                        _ebss = .
                0x20009318                        __bss_end__ = _ebss

._user_heap_stack
                0x20009318      0x600 load address 0x0800a2a4
                0x20009318                        . = ALIGN (0x8)
                [!provide]                        PROVIDE (end = .)
                0x20009318                        PROVIDE (_end = .)
                0x20009518                        . = (. + _Min_Heap_Size)
 *fill*         0x20009318      0x200 
                0x20009918                        . = (. + _Min_Stack_Size)
 *fill*         0x20009518      0x400 
                0x20009918                        . = ALIGN (0x8)

/DISCARD/
 libc.a(*)
 libm.a(*)
 libgcc.a(*)

.ARM.attributes
                0x00000000       0x30
 *(.ARM.attributes)
 .ARM.attributes
                0x00000000       0x22 C:/ST/STM32CubeIDE_1.19.0/STM32CubeIDE/plugins/com.st.stm32cube.ide.mcu.externaltools.gnu-tools-for-stm32.13.3.rel1.win32_1.0.0.202411081344/tools/bin/../lib/gcc/arm-none-eabi/13.3.1/thumb/v7e-m+fp/hard/crti.o
 .ARM.attributes
                0x00000022       0x34 C:/ST/STM32CubeIDE_1.19.0/STM32CubeIDE/plugins/com.st.stm32cube.ide.mcu.externaltools.gnu-tools-for-stm32.13.3.rel1.win32_1.0.0.202411081344/tools/bin/../lib/gcc/arm-none-eabi/13.3.1/thumb/v7e-m+fp/hard/crtbegin.o
 .ARM.attributes
                0x00000056       0x34 ./Core/Src/main.o
 .ARM.attributes
                0x0000008a       0x34 ./Core/Src/stm32f4xx_hal_msp.o
 .ARM.attributes
                0x000000be       0x34 ./Core/Src/stm32f4xx_it.o
 .ARM.attributes
                0x000000f2       0x34 ./Core/Src/system_stm32f4xx.o
 .ARM.attributes
                0x00000126       0x21 ./Core/Startup/startup_stm32f411ceux.o
 .ARM.attributes
                0x00000147       0x34 ./Drivers/STM32F4xx_HAL_Driver/Src/stm32f4xx_hal.o
 .ARM.attributes
                0x0000017b       0x34 ./Drivers/STM32F4xx_HAL_Driver/Src/stm32f4xx_hal_adc.o
 .ARM.attributes
                0x000001af       0x34 ./Drivers/STM32F4xx_HAL_Driver/Src/stm32f4xx_hal_cortex.o
 .ARM.attributes
                0x000001e3       0x34 ./Drivers/STM32F4xx_HAL_Driver/Src/stm32f4xx_hal_dma.o
 .ARM.attributes
                0x00000217       0x34 ./Drivers/STM32F4xx_HAL_Driver/Src/stm32f4xx_hal_gpio.o
 .ARM.attributes
                0x0000024b       0x34 ./Drivers/STM32F4xx_HAL_Driver/Src/stm32f4xx_hal_pcd.o
 .ARM.attributes
                0x0000027f       0x34 ./Drivers/STM32F4xx_HAL_Driver/Src/stm32f4xx_hal_pcd_ex.o
 .ARM.attributes
                0x000002b3       0x34 ./Drivers/STM32F4xx_HAL_Driver/Src/stm32f4xx_hal_rcc.o
 .ARM.attributes
                0x000002e7       0x34 ./Drivers/STM32F4xx_HAL_Driver/Src/stm32f4xx_hal_tim.o
 .ARM.attributes
                0x0000031b       0x34 ./Drivers/STM32F4xx_HAL_Driver/Src/stm32f4xx_hal_tim_ex.o
 .ARM.attributes
                0x0000034f       0x34 ./Drivers/STM32F4xx_HAL_Driver/Src/stm32f4xx_ll_usb.o
 .ARM.attributes
                0x00000383       0x34 ./Middlewares/ST/STM32_USB_Device_Library/Class/CDC/Src/usbd_cdc.o
 .ARM.attributes
                0x000003b7       0x34 ./Middlewares/ST/STM32_USB_Device_Library/Core/Src/usbd_core.o
 .ARM.attributes
                0x000003eb       0x34 ./Middlewares/ST/STM32_USB_Device_Library/Core/Src/usbd_ctlreq.o
 .ARM.attributes
                0x0000041f       0x34 ./Middlewares/ST/STM32_USB_Device_Library/Core/Src/usbd_ioreq.o
 .ARM.attributes
                0x00000453       0x34 ./USB_DEVICE/App/usb_device.o
 .ARM.attributes
                0x00000487       0x34 ./USB_DEVICE/App/usbd_cdc_if.o
 .ARM.attributes
                0x000004bb       0x34 ./USB_DEVICE/App/usbd_desc.o
 .ARM.attributes
                0x000004ef       0x34 ./USB_DEVICE/Target/usbd_conf.o
 .ARM.attributes
                0x00000523       0x34 C:/ST/STM32CubeIDE_1.19.0/STM32CubeIDE/plugins/com.st.stm32cube.ide.mcu.externaltools.gnu-tools-for-stm32.13.3.rel1.win32_1.0.0.202411081344/tools/bin/../lib/gcc/arm-none-eabi/13.3.1/../../../../arm-none-eabi/lib/thumb/v7e-m+fp/hard\libc_nano.a(libc_a-memset.o)
 .ARM.attributes
                0x00000557       0x34 C:/ST/STM32CubeIDE_1.19.0/STM32CubeIDE/plugins/com.st.stm32cube.ide.mcu.externaltools.gnu-tools-for-stm32.13.3.rel1.win32_1.0.0.202411081344/tools/bin/../lib/gcc/arm-none-eabi/13.3.1/../../../../arm-none-eabi/lib/thumb/v7e-m+fp/hard\libc_nano.a(libc_a-init.o)
 .ARM.attributes
                0x0000058b       0x17 C:/ST/STM32CubeIDE_1.19.0/STM32CubeIDE/plugins/com.st.stm32cube.ide.mcu.externaltools.gnu-tools-for-stm32.13.3.rel1.win32_1.0.0.202411081344/tools/bin/../lib/gcc/arm-none-eabi/13.3.1/../../../../arm-none-eabi/lib/thumb/v7e-m+fp/hard\libc_nano.a(libc_a-strlen.o)
 .ARM.attributes
                0x000005a2       0x22 C:/ST/STM32CubeIDE_1.19.0/STM32CubeIDE/plugins/com.st.stm32cube.ide.mcu.externaltools.gnu-tools-for-stm32.13.3.rel1.win32_1.0.0.202411081344/tools/bin/../lib/gcc/arm-none-eabi/13.3.1/thumb/v7e-m+fp/hard\libgcc.a(_aeabi_uldivmod.o)
 .ARM.attributes
                0x000005c4       0x34 C:/ST/STM32CubeIDE_1.19.0/STM32CubeIDE/plugins/com.st.stm32cube.ide.mcu.externaltools.gnu-tools-for-stm32.13.3.rel1.win32_1.0.0.202411081344/tools/bin/../lib/gcc/arm-none-eabi/13.3.1/thumb/v7e-m+fp/hard\libgcc.a(_udivmoddi4.o)
 .ARM.attributes
                0x000005f8       0x22 C:/ST/STM32CubeIDE_1.19.0/STM32CubeIDE/plugins/com.st.stm32cube.ide.mcu.externaltools.gnu-tools-for-stm32.13.3.rel1.win32_1.0.0.202411081344/tools/bin/../lib/gcc/arm-none-eabi/13.3.1/thumb/v7e-m+fp/hard\libgcc.a(_dvmd_tls.o)
 .ARM.attributes
                0x0000061a       0x22 C:/ST/STM32CubeIDE_1.19.0/STM32CubeIDE/plugins/com.st.stm32cube.ide.mcu.externaltools.gnu-tools-for-stm32.13.3.rel1.win32_1.0.0.202411081344/tools/bin/../lib/gcc/arm-none-eabi/13.3.1/thumb/v7e-m+fp/hard/crtn.o
OUTPUT(STM32F411_Basic.elf elf32-littlearm)
LOAD linker stubs
LOAD C:/ST/STM32CubeIDE_1.19.0/STM32CubeIDE/plugins/com.st.stm32cube.ide.mcu.externaltools.gnu-tools-for-stm32.13.3.rel1.win32_1.0.0.202411081344/tools/bin/../lib/gcc/arm-none-eabi/13.3.1/../../../../arm-none-eabi/lib/thumb/v7e-m+fp/hard\libc.a
LOAD C:/ST/STM32CubeIDE_1.19.0/STM32CubeIDE/plugins/com.st.stm32cube.ide.mcu.externaltools.gnu-tools-for-stm32.13.3.rel1.win32_1.0.0.202411081344/tools/bin/../lib/gcc/arm-none-eabi/13.3.1/../../../../arm-none-eabi/lib/thumb/v7e-m+fp/hard\libm.a
LOAD C:/ST/STM32CubeIDE_1.19.0/STM32CubeIDE/plugins/com.st.stm32cube.ide.mcu.externaltools.gnu-tools-for-stm32.13.3.rel1.win32_1.0.0.202411081344/tools/bin/../lib/gcc/arm-none-eabi/13.3.1/thumb/v7e-m+fp/hard\libgcc.a

.debug_info     0x00000000    0x15047
 .debug_info    0x00000000     0x1cbc ./Core/Src/main.o
 .debug_info    0x00001cbc      0xe96 ./Core/Src/stm32f4xx_hal_msp.o
 .debug_info    0x00002b52      0xbeb ./Core/Src/stm32f4xx_it.o
 .debug_info    0x0000373d      0x53e ./Core/Src/system_stm32f4xx.o
 .debug_info    0x00003c7b       0x30 ./Core/Startup/startup_stm32f411ceux.o
 .debug_info    0x00003cab      0x8c4 ./Drivers/STM32F4xx_HAL_Driver/Src/stm32f4xx_hal.o
 .debug_info    0x0000456f      0xce0 ./Drivers/STM32F4xx_HAL_Driver/Src/stm32f4xx_hal_adc.o
 .debug_info    0x0000524f      0xcfc ./Drivers/STM32F4xx_HAL_Driver/Src/stm32f4xx_hal_cortex.o
 .debug_info    0x00005f4b      0x8e6 ./Drivers/STM32F4xx_HAL_Driver/Src/stm32f4xx_hal_dma.o
 .debug_info    0x00006831      0x6f9 ./Drivers/STM32F4xx_HAL_Driver/Src/stm32f4xx_hal_gpio.o
 .debug_info    0x00006f2a     0x1577 ./Drivers/STM32F4xx_HAL_Driver/Src/stm32f4xx_hal_pcd.o
 .debug_info    0x000084a1      0x6ea ./Drivers/STM32F4xx_HAL_Driver/Src/stm32f4xx_hal_pcd_ex.o
 .debug_info    0x00008b8b      0x904 ./Drivers/STM32F4xx_HAL_Driver/Src/stm32f4xx_hal_rcc.o
 .debug_info    0x0000948f     0x2996 ./Drivers/STM32F4xx_HAL_Driver/Src/stm32f4xx_hal_tim.o
 .debug_info    0x0000be25     0x14d4 ./Drivers/STM32F4xx_HAL_Driver/Src/stm32f4xx_hal_tim_ex.o
 .debug_info    0x0000d2f9     0x1993 ./Drivers/STM32F4xx_HAL_Driver/Src/stm32f4xx_ll_usb.o
 .debug_info    0x0000ec8c     0x12b1 ./Middlewares/ST/STM32_USB_Device_Library/Class/CDC/Src/usbd_cdc.o
 .debug_info    0x0000ff3d      0xe12 ./Middlewares/ST/STM32_USB_Device_Library/Core/Src/usbd_core.o
 .debug_info    0x00010d4f      0xaeb ./Middlewares/ST/STM32_USB_Device_Library/Core/Src/usbd_ctlreq.o
 .debug_info    0x0001183a      0x762 ./Middlewares/ST/STM32_USB_Device_Library/Core/Src/usbd_ioreq.o
 .debug_info    0x00011f9c      0x70e ./USB_DEVICE/App/usb_device.o
 .debug_info    0x000126aa      0x932 ./USB_DEVICE/App/usbd_cdc_if.o
 .debug_info    0x00012fdc      0x458 ./USB_DEVICE/App/usbd_desc.o
 .debug_info    0x00013434     0x1c13 ./USB_DEVICE/Target/usbd_conf.o

.debug_abbrev   0x00000000     0x364b
 .debug_abbrev  0x00000000      0x38b ./Core/Src/main.o
 .debug_abbrev  0x0000038b      0x250 ./Core/Src/stm32f4xx_hal_msp.o
 .debug_abbrev  0x000005db      0x1e8 ./Core/Src/stm32f4xx_it.o
 .debug_abbrev  0x000007c3      0x11a ./Core/Src/system_stm32f4xx.o
 .debug_abbrev  0x000008dd       0x24 ./Core/Startup/startup_stm32f411ceux.o
 .debug_abbrev  0x00000901      0x24b ./Drivers/STM32F4xx_HAL_Driver/Src/stm32f4xx_hal.o
 .debug_abbrev  0x00000b4c      0x20e ./Drivers/STM32F4xx_HAL_Driver/Src/stm32f4xx_hal_adc.o
 .debug_abbrev  0x00000d5a      0x31d ./Drivers/STM32F4xx_HAL_Driver/Src/stm32f4xx_hal_cortex.o
 .debug_abbrev  0x00001077      0x221 ./Drivers/STM32F4xx_HAL_Driver/Src/stm32f4xx_hal_dma.o
 .debug_abbrev  0x00001298      0x1d3 ./Drivers/STM32F4xx_HAL_Driver/Src/stm32f4xx_hal_gpio.o
 .debug_abbrev  0x0000146b      0x2b6 ./Drivers/STM32F4xx_HAL_Driver/Src/stm32f4xx_hal_pcd.o
 .debug_abbrev  0x00001721      0x1da ./Drivers/STM32F4xx_HAL_Driver/Src/stm32f4xx_hal_pcd_ex.o
 .debug_abbrev  0x000018fb      0x2b6 ./Drivers/STM32F4xx_HAL_Driver/Src/stm32f4xx_hal_rcc.o
 .debug_abbrev  0x00001bb1      0x28b ./Drivers/STM32F4xx_HAL_Driver/Src/stm32f4xx_hal_tim.o
 .debug_abbrev  0x00001e3c      0x296 ./Drivers/STM32F4xx_HAL_Driver/Src/stm32f4xx_hal_tim_ex.o
 .debug_abbrev  0x000020d2      0x2b3 ./Drivers/STM32F4xx_HAL_Driver/Src/stm32f4xx_ll_usb.o
 .debug_abbrev  0x00002385      0x2d2 ./Middlewares/ST/STM32_USB_Device_Library/Class/CDC/Src/usbd_cdc.o
 .debug_abbrev  0x00002657      0x27c ./Middlewares/ST/STM32_USB_Device_Library/Core/Src/usbd_core.o
 .debug_abbrev  0x000028d3      0x26f ./Middlewares/ST/STM32_USB_Device_Library/Core/Src/usbd_ctlreq.o
 .debug_abbrev  0x00002b42      0x19a ./Middlewares/ST/STM32_USB_Device_Library/Core/Src/usbd_ioreq.o
 .debug_abbrev  0x00002cdc      0x195 ./USB_DEVICE/App/usb_device.o
 .debug_abbrev  0x00002e71      0x2ba ./USB_DEVICE/App/usbd_cdc_if.o
 .debug_abbrev  0x0000312b      0x1e1 ./USB_DEVICE/App/usbd_desc.o
 .debug_abbrev  0x0000330c      0x33f ./USB_DEVICE/Target/usbd_conf.o

.debug_aranges  0x00000000     0x12e8
 .debug_aranges
                0x00000000       0xe0 ./Core/Src/main.o
 .debug_aranges
                0x000000e0       0x48 ./Core/Src/stm32f4xx_hal_msp.o
 .debug_aranges
                0x00000128       0x78 ./Core/Src/stm32f4xx_it.o
 .debug_aranges
                0x000001a0       0x28 ./Core/Src/system_stm32f4xx.o
 .debug_aranges
                0x000001c8       0x28 ./Core/Startup/startup_stm32f411ceux.o
 .debug_aranges
                0x000001f0       0xf0 ./Drivers/STM32F4xx_HAL_Driver/Src/stm32f4xx_hal.o
 .debug_aranges
                0x000002e0       0xe8 ./Drivers/STM32F4xx_HAL_Driver/Src/stm32f4xx_hal_adc.o
 .debug_aranges
                0x000003c8      0x130 ./Drivers/STM32F4xx_HAL_Driver/Src/stm32f4xx_hal_cortex.o
 .debug_aranges
                0x000004f8       0x90 ./Drivers/STM32F4xx_HAL_Driver/Src/stm32f4xx_hal_dma.o
 .debug_aranges
                0x00000588       0x58 ./Drivers/STM32F4xx_HAL_Driver/Src/stm32f4xx_hal_gpio.o
 .debug_aranges
                0x000005e0      0x148 ./Drivers/STM32F4xx_HAL_Driver/Src/stm32f4xx_hal_pcd.o
 .debug_aranges
                0x00000728       0x38 ./Drivers/STM32F4xx_HAL_Driver/Src/stm32f4xx_hal_pcd_ex.o
 .debug_aranges
                0x00000760       0x88 ./Drivers/STM32F4xx_HAL_Driver/Src/stm32f4xx_hal_rcc.o
 .debug_aranges
                0x000007e8      0x3d0 ./Drivers/STM32F4xx_HAL_Driver/Src/stm32f4xx_hal_tim.o
 .debug_aranges
                0x00000bb8      0x168 ./Drivers/STM32F4xx_HAL_Driver/Src/stm32f4xx_hal_tim_ex.o
 .debug_aranges
                0x00000d20      0x1a0 ./Drivers/STM32F4xx_HAL_Driver/Src/stm32f4xx_ll_usb.o
 .debug_aranges
                0x00000ec0       0x90 ./Middlewares/ST/STM32_USB_Device_Library/Class/CDC/Src/usbd_cdc.o
 .debug_aranges
                0x00000f50       0xd8 ./Middlewares/ST/STM32_USB_Device_Library/Core/Src/usbd_core.o
 .debug_aranges
                0x00001028       0x90 ./Middlewares/ST/STM32_USB_Device_Library/Core/Src/usbd_ctlreq.o
 .debug_aranges
                0x000010b8       0x50 ./Middlewares/ST/STM32_USB_Device_Library/Core/Src/usbd_ioreq.o
 .debug_aranges
                0x00001108       0x20 ./USB_DEVICE/App/usb_device.o
 .debug_aranges
                0x00001128       0x50 ./USB_DEVICE/App/usbd_cdc_if.o
 .debug_aranges
                0x00001178       0x60 ./USB_DEVICE/App/usbd_desc.o
 .debug_aranges
                0x000011d8      0x110 ./USB_DEVICE/Target/usbd_conf.o

.debug_rnglists
                0x00000000      0xe75
 .debug_rnglists
                0x00000000       0xb0 ./Core/Src/main.o
 .debug_rnglists
                0x000000b0       0x35 ./Core/Src/stm32f4xx_hal_msp.o
 .debug_rnglists
                0x000000e5       0x55 ./Core/Src/stm32f4xx_it.o
 .debug_rnglists
                0x0000013a       0x1a ./Core/Src/system_stm32f4xx.o
 .debug_rnglists
                0x00000154       0x19 ./Core/Startup/startup_stm32f411ceux.o
 .debug_rnglists
                0x0000016d       0xaf ./Drivers/STM32F4xx_HAL_Driver/Src/stm32f4xx_hal.o
 .debug_rnglists
                0x0000021c       0xb5 ./Drivers/STM32F4xx_HAL_Driver/Src/stm32f4xx_hal_adc.o
 .debug_rnglists
                0x000002d1       0xe0 ./Drivers/STM32F4xx_HAL_Driver/Src/stm32f4xx_hal_cortex.o
 .debug_rnglists
                0x000003b1       0x70 ./Drivers/STM32F4xx_HAL_Driver/Src/stm32f4xx_hal_dma.o
 .debug_rnglists
                0x00000421       0x3f ./Drivers/STM32F4xx_HAL_Driver/Src/stm32f4xx_hal_gpio.o
 .debug_rnglists
                0x00000460       0xfa ./Drivers/STM32F4xx_HAL_Driver/Src/stm32f4xx_hal_pcd.o
 .debug_rnglists
                0x0000055a       0x26 ./Drivers/STM32F4xx_HAL_Driver/Src/stm32f4xx_hal_pcd_ex.o
 .debug_rnglists
                0x00000580       0x66 ./Drivers/STM32F4xx_HAL_Driver/Src/stm32f4xx_hal_rcc.o
 .debug_rnglists
                0x000005e6      0x31a ./Drivers/STM32F4xx_HAL_Driver/Src/stm32f4xx_hal_tim.o
 .debug_rnglists
                0x00000900      0x125 ./Drivers/STM32F4xx_HAL_Driver/Src/stm32f4xx_hal_tim_ex.o
 .debug_rnglists
                0x00000a25      0x147 ./Drivers/STM32F4xx_HAL_Driver/Src/stm32f4xx_ll_usb.o
 .debug_rnglists
                0x00000b6c       0x6c ./Middlewares/ST/STM32_USB_Device_Library/Class/CDC/Src/usbd_cdc.o
 .debug_rnglists
                0x00000bd8       0xa1 ./Middlewares/ST/STM32_USB_Device_Library/Core/Src/usbd_core.o
 .debug_rnglists
                0x00000c79       0x6e ./Middlewares/ST/STM32_USB_Device_Library/Core/Src/usbd_ctlreq.o
 .debug_rnglists
                0x00000ce7       0x37 ./Middlewares/ST/STM32_USB_Device_Library/Core/Src/usbd_ioreq.o
 .debug_rnglists
                0x00000d1e       0x13 ./USB_DEVICE/App/usb_device.o
 .debug_rnglists
                0x00000d31       0x38 ./USB_DEVICE/App/usbd_cdc_if.o
 .debug_rnglists
                0x00000d69       0x43 ./USB_DEVICE/App/usbd_desc.o
 .debug_rnglists
                0x00000dac       0xc9 ./USB_DEVICE/Target/usbd_conf.o

.debug_macro    0x00000000    0x1a30e
 .debug_macro   0x00000000      0x406 ./Core/Src/main.o
 .debug_macro   0x00000406      0xad8 ./Core/Src/main.o
 .debug_macro   0x00000ede      0x2a1 ./Core/Src/main.o
 .debug_macro   0x0000117f       0x2e ./Core/Src/main.o
 .debug_macro   0x000011ad       0x28 ./Core/Src/main.o
 .debug_macro   0x000011d5       0x22 ./Core/Src/main.o
 .debug_macro   0x000011f7       0x8e ./Core/Src/main.o
 .debug_macro   0x00001285       0x51 ./Core/Src/main.o
 .debug_macro   0x000012d6      0x103 ./Core/Src/main.o
 .debug_macro   0x000013d9       0x6a ./Core/Src/main.o
 .debug_macro   0x00001443      0x1df ./Core/Src/main.o
 .debug_macro   0x00001622       0x1c ./Core/Src/main.o
 .debug_macro   0x0000163e       0x22 ./Core/Src/main.o
 .debug_macro   0x00001660       0xfb ./Core/Src/main.o
 .debug_macro   0x0000175b     0x1011 ./Core/Src/main.o
 .debug_macro   0x0000276c      0x11f ./Core/Src/main.o
 .debug_macro   0x0000288b     0xb968 ./Core/Src/main.o
 .debug_macro   0x0000e1f3       0x6d ./Core/Src/main.o
 .debug_macro   0x0000e260     0x3693 ./Core/Src/main.o
 .debug_macro   0x000118f3      0x190 ./Core/Src/main.o
 .debug_macro   0x00011a83       0x5c ./Core/Src/main.o
 .debug_macro   0x00011adf      0x45c ./Core/Src/main.o
 .debug_macro   0x00011f3b      0x9e9 ./Core/Src/main.o
 .debug_macro   0x00012924      0x115 ./Core/Src/main.o
 .debug_macro   0x00012a39      0x11b ./Core/Src/main.o
 .debug_macro   0x00012b54       0xa5 ./Core/Src/main.o
 .debug_macro   0x00012bf9      0x15f ./Core/Src/main.o
 .debug_macro   0x00012d58      0x287 ./Core/Src/main.o
 .debug_macro   0x00012fdf       0x5f ./Core/Src/main.o
 .debug_macro   0x0001303e      0x236 ./Core/Src/main.o
 .debug_macro   0x00013274      0x9e1 ./Core/Src/main.o
 .debug_macro   0x00013c55      0x38b ./Core/Src/main.o
 .debug_macro   0x00013fe0      0x17d ./Core/Src/main.o
 .debug_macro   0x0001415d       0xf9 ./Core/Src/main.o
 .debug_macro   0x00014256      0x132 ./Core/Src/main.o
 .debug_macro   0x00014388      0x264 ./Core/Src/main.o
 .debug_macro   0x000145ec       0x2e ./Core/Src/main.o
 .debug_macro   0x0001461a      0x127 ./Core/Src/main.o
 .debug_macro   0x00014741       0x85 ./Core/Src/main.o
 .debug_macro   0x000147c6       0x89 ./Core/Src/main.o
 .debug_macro   0x0001484f      0x8ed ./Core/Src/main.o
 .debug_macro   0x0001513c       0x47 ./Core/Src/main.o
 .debug_macro   0x00015183      0x293 ./Core/Src/main.o
 .debug_macro   0x00015416       0xba ./Core/Src/main.o
 .debug_macro   0x000154d0      0x126 ./Core/Src/main.o
 .debug_macro   0x000155f6       0x1c ./Core/Src/main.o
 .debug_macro   0x00015612       0x61 ./Core/Src/main.o
 .debug_macro   0x00015673       0x2a ./Core/Src/main.o
 .debug_macro   0x0001569d       0x43 ./Core/Src/main.o
 .debug_macro   0x000156e0       0x34 ./Core/Src/main.o
 .debug_macro   0x00015714       0x16 ./Core/Src/main.o
 .debug_macro   0x0001572a       0x3c ./Core/Src/main.o
 .debug_macro   0x00015766      0x370 ./Core/Src/main.o
 .debug_macro   0x00015ad6       0x10 ./Core/Src/main.o
 .debug_macro   0x00015ae6       0x16 ./Core/Src/main.o
 .debug_macro   0x00015afc       0x4a ./Core/Src/main.o
 .debug_macro   0x00015b46       0x34 ./Core/Src/main.o
 .debug_macro   0x00015b7a       0x10 ./Core/Src/main.o
 .debug_macro   0x00015b8a       0x58 ./Core/Src/main.o
 .debug_macro   0x00015be2       0x8e ./Core/Src/main.o
 .debug_macro   0x00015c70       0x1c ./Core/Src/main.o
 .debug_macro   0x00015c8c      0x185 ./Core/Src/main.o
 .debug_macro   0x00015e11       0x16 ./Core/Src/main.o
 .debug_macro   0x00015e27       0x16 ./Core/Src/main.o
 .debug_macro   0x00015e3d      0x146 ./Core/Src/main.o
 .debug_macro   0x00015f83       0x16 ./Core/Src/main.o
 .debug_macro   0x00015f99       0x16 ./Core/Src/main.o
 .debug_macro   0x00015faf       0x29 ./Core/Src/main.o
 .debug_macro   0x00015fd8       0x16 ./Core/Src/main.o
 .debug_macro   0x00015fee       0x20 ./Core/Src/main.o
 .debug_macro   0x0001600e       0x65 ./Core/Src/main.o
 .debug_macro   0x00016073      0x20f ./Core/Src/main.o
 .debug_macro   0x00016282       0x95 ./Core/Src/main.o
 .debug_macro   0x00016317       0x10 ./Core/Src/main.o
 .debug_macro   0x00016327       0x22 ./Core/Src/main.o
 .debug_macro   0x00016349      0x21f ./Core/Src/stm32f4xx_hal_msp.o
 .debug_macro   0x00016568      0x229 ./Core/Src/stm32f4xx_it.o
 .debug_macro   0x00016791      0x210 ./Core/Src/system_stm32f4xx.o
 .debug_macro   0x000169a1      0x270 ./Drivers/STM32F4xx_HAL_Driver/Src/stm32f4xx_hal.o
 .debug_macro   0x00016c11      0x211 ./Drivers/STM32F4xx_HAL_Driver/Src/stm32f4xx_hal_adc.o
 .debug_macro   0x00016e22      0x210 ./Drivers/STM32F4xx_HAL_Driver/Src/stm32f4xx_hal_cortex.o
 .debug_macro   0x00017032      0x216 ./Drivers/STM32F4xx_HAL_Driver/Src/stm32f4xx_hal_dma.o
 .debug_macro   0x00017248      0x216 ./Drivers/STM32F4xx_HAL_Driver/Src/stm32f4xx_hal_gpio.o
 .debug_macro   0x0001745e      0x21c ./Drivers/STM32F4xx_HAL_Driver/Src/stm32f4xx_hal_pcd.o
 .debug_macro   0x0001767a      0x210 ./Drivers/STM32F4xx_HAL_Driver/Src/stm32f4xx_hal_pcd_ex.o
 .debug_macro   0x0001788a      0x234 ./Drivers/STM32F4xx_HAL_Driver/Src/stm32f4xx_hal_rcc.o
 .debug_macro   0x00017abe      0x211 ./Drivers/STM32F4xx_HAL_Driver/Src/stm32f4xx_hal_tim.o
 .debug_macro   0x00017ccf      0x210 ./Drivers/STM32F4xx_HAL_Driver/Src/stm32f4xx_hal_tim_ex.o
 .debug_macro   0x00017edf      0x210 ./Drivers/STM32F4xx_HAL_Driver/Src/stm32f4xx_ll_usb.o
 .debug_macro   0x000180ef      0x3ae ./Middlewares/ST/STM32_USB_Device_Library/Class/CDC/Src/usbd_cdc.o
 .debug_macro   0x0001849d       0x9e ./Middlewares/ST/STM32_USB_Device_Library/Class/CDC/Src/usbd_cdc.o
 .debug_macro   0x0001853b      0x112 ./Middlewares/ST/STM32_USB_Device_Library/Class/CDC/Src/usbd_cdc.o
 .debug_macro   0x0001864d       0x56 ./Middlewares/ST/STM32_USB_Device_Library/Class/CDC/Src/usbd_cdc.o
 .debug_macro   0x000186a3      0x395 ./Middlewares/ST/STM32_USB_Device_Library/Core/Src/usbd_core.o
 .debug_macro   0x00018a38      0x215 ./Middlewares/ST/STM32_USB_Device_Library/Core/Src/usbd_core.o
 .debug_macro   0x00018c4d      0x39f ./Middlewares/ST/STM32_USB_Device_Library/Core/Src/usbd_ctlreq.o
 .debug_macro   0x00018fec      0x39b ./Middlewares/ST/STM32_USB_Device_Library/Core/Src/usbd_ioreq.o
 .debug_macro   0x00019387      0x3ce ./USB_DEVICE/App/usb_device.o
 .debug_macro   0x00019755       0x22 ./USB_DEVICE/App/usb_device.o
 .debug_macro   0x00019777       0x22 ./USB_DEVICE/App/usb_device.o
 .debug_macro   0x00019799       0x16 ./USB_DEVICE/App/usb_device.o
 .debug_macro   0x000197af      0x3b9 ./USB_DEVICE/App/usbd_cdc_if.o
 .debug_macro   0x00019b68      0x3d8 ./USB_DEVICE/App/usbd_desc.o
 .debug_macro   0x00019f40       0x1c ./USB_DEVICE/App/usbd_desc.o
 .debug_macro   0x00019f5c      0x3b2 ./USB_DEVICE/Target/usbd_conf.o

.debug_line     0x00000000    0x1773d
 .debug_line    0x00000000     0x122f ./Core/Src/main.o
 .debug_line    0x0000122f      0x976 ./Core/Src/stm32f4xx_hal_msp.o
 .debug_line    0x00001ba5      0x8b3 ./Core/Src/stm32f4xx_it.o
 .debug_line    0x00002458      0x832 ./Core/Src/system_stm32f4xx.o
 .debug_line    0x00002c8a       0x7a ./Core/Startup/startup_stm32f411ceux.o
 .debug_line    0x00002d04      0xaae ./Drivers/STM32F4xx_HAL_Driver/Src/stm32f4xx_hal.o
 .debug_line    0x000037b2     0x1205 ./Drivers/STM32F4xx_HAL_Driver/Src/stm32f4xx_hal_adc.o
 .debug_line    0x000049b7      0xd7e ./Drivers/STM32F4xx_HAL_Driver/Src/stm32f4xx_hal_cortex.o
 .debug_line    0x00005735     0x101a ./Drivers/STM32F4xx_HAL_Driver/Src/stm32f4xx_hal_dma.o
 .debug_line    0x0000674f      0xbca ./Drivers/STM32F4xx_HAL_Driver/Src/stm32f4xx_hal_gpio.o
 .debug_line    0x00007319     0x14f9 ./Drivers/STM32F4xx_HAL_Driver/Src/stm32f4xx_hal_pcd.o
 .debug_line    0x00008812      0x877 ./Drivers/STM32F4xx_HAL_Driver/Src/stm32f4xx_hal_pcd_ex.o
 .debug_line    0x00009089      0xebb ./Drivers/STM32F4xx_HAL_Driver/Src/stm32f4xx_hal_rcc.o
 .debug_line    0x00009f44     0x35ed ./Drivers/STM32F4xx_HAL_Driver/Src/stm32f4xx_hal_tim.o
 .debug_line    0x0000d531     0x19a9 ./Drivers/STM32F4xx_HAL_Driver/Src/stm32f4xx_hal_tim_ex.o
 .debug_line    0x0000eeda     0x1d86 ./Drivers/STM32F4xx_HAL_Driver/Src/stm32f4xx_ll_usb.o
 .debug_line    0x00010c60      0xf1b ./Middlewares/ST/STM32_USB_Device_Library/Class/CDC/Src/usbd_cdc.o
 .debug_line    0x00011b7b      0xfd3 ./Middlewares/ST/STM32_USB_Device_Library/Core/Src/usbd_core.o
 .debug_line    0x00012b4e     0x1195 ./Middlewares/ST/STM32_USB_Device_Library/Core/Src/usbd_ctlreq.o
 .debug_line    0x00013ce3      0xada ./Middlewares/ST/STM32_USB_Device_Library/Core/Src/usbd_ioreq.o
 .debug_line    0x000147bd      0xaa0 ./USB_DEVICE/App/usb_device.o
 .debug_line    0x0001525d      0xb24 ./USB_DEVICE/App/usbd_cdc_if.o
 .debug_line    0x00015d81      0xb49 ./USB_DEVICE/App/usbd_desc.o
 .debug_line    0x000168ca      0xe73 ./USB_DEVICE/Target/usbd_conf.o

.debug_str      0x00000000    0x9bf52
 .debug_str     0x00000000    0x9bf52 ./Core/Src/main.o
                              0x97c93 (size before relaxing)
 .debug_str     0x0009bf52    0x927ad ./Core/Src/stm32f4xx_hal_msp.o
 .debug_str     0x0009bf52    0x92853 ./Core/Src/stm32f4xx_it.o
 .debug_str     0x0009bf52    0x91fda ./Core/Src/system_stm32f4xx.o
 .debug_str     0x0009bf52       0x9f ./Core/Startup/startup_stm32f411ceux.o
 .debug_str     0x0009bf52    0x92a06 ./Drivers/STM32F4xx_HAL_Driver/Src/stm32f4xx_hal.o
 .debug_str     0x0009bf52    0x925b5 ./Drivers/STM32F4xx_HAL_Driver/Src/stm32f4xx_hal_adc.o
 .debug_str     0x0009bf52    0x92770 ./Drivers/STM32F4xx_HAL_Driver/Src/stm32f4xx_hal_cortex.o
 .debug_str     0x0009bf52    0x923e2 ./Drivers/STM32F4xx_HAL_Driver/Src/stm32f4xx_hal_dma.o
 .debug_str     0x0009bf52    0x92155 ./Drivers/STM32F4xx_HAL_Driver/Src/stm32f4xx_hal_gpio.o
 .debug_str     0x0009bf52    0x92aa6 ./Drivers/STM32F4xx_HAL_Driver/Src/stm32f4xx_hal_pcd.o
 .debug_str     0x0009bf52    0x92396 ./Drivers/STM32F4xx_HAL_Driver/Src/stm32f4xx_hal_pcd_ex.o
 .debug_str     0x0009bf52    0x9240e ./Drivers/STM32F4xx_HAL_Driver/Src/stm32f4xx_hal_rcc.o
 .debug_str     0x0009bf52    0x93352 ./Drivers/STM32F4xx_HAL_Driver/Src/stm32f4xx_hal_tim.o
 .debug_str     0x0009bf52    0x92b5e ./Drivers/STM32F4xx_HAL_Driver/Src/stm32f4xx_hal_tim_ex.o
 .debug_str     0x0009bf52    0x92981 ./Drivers/STM32F4xx_HAL_Driver/Src/stm32f4xx_ll_usb.o
 .debug_str     0x0009bf52    0x97092 ./Middlewares/ST/STM32_USB_Device_Library/Class/CDC/Src/usbd_cdc.o
 .debug_str     0x0009bf52    0x969eb ./Middlewares/ST/STM32_USB_Device_Library/Core/Src/usbd_core.o
 .debug_str     0x0009bf52    0x96816 ./Middlewares/ST/STM32_USB_Device_Library/Core/Src/usbd_ctlreq.o
 .debug_str     0x0009bf52    0x966eb ./Middlewares/ST/STM32_USB_Device_Library/Core/Src/usbd_ioreq.o
 .debug_str     0x0009bf52    0x96a9e ./USB_DEVICE/App/usb_device.o
 .debug_str     0x0009bf52    0x96aed ./USB_DEVICE/App/usbd_cdc_if.o
 .debug_str     0x0009bf52    0x965e3 ./USB_DEVICE/App/usbd_desc.o
 .debug_str     0x0009bf52    0x9779a ./USB_DEVICE/Target/usbd_conf.o

.comment        0x00000000       0x43
 .comment       0x00000000       0x43 ./Core/Src/main.o
                                 0x44 (size before relaxing)
 .comment       0x00000043       0x44 ./Core/Src/stm32f4xx_hal_msp.o
 .comment       0x00000043       0x44 ./Core/Src/stm32f4xx_it.o
 .comment       0x00000043       0x44 ./Core/Src/system_stm32f4xx.o
 .comment       0x00000043       0x44 ./Drivers/STM32F4xx_HAL_Driver/Src/stm32f4xx_hal.o
 .comment       0x00000043       0x44 ./Drivers/STM32F4xx_HAL_Driver/Src/stm32f4xx_hal_adc.o
 .comment       0x00000043       0x44 ./Drivers/STM32F4xx_HAL_Driver/Src/stm32f4xx_hal_cortex.o
 .comment       0x00000043       0x44 ./Drivers/STM32F4xx_HAL_Driver/Src/stm32f4xx_hal_dma.o
 .comment       0x00000043       0x44 ./Drivers/STM32F4xx_HAL_Driver/Src/stm32f4xx_hal_gpio.o
 .comment       0x00000043       0x44 ./Drivers/STM32F4xx_HAL_Driver/Src/stm32f4xx_hal_pcd.o
 .comment       0x00000043       0x44 ./Drivers/STM32F4xx_HAL_Driver/Src/stm32f4xx_hal_pcd_ex.o
 .comment       0x00000043       0x44 ./Drivers/STM32F4xx_HAL_Driver/Src/stm32f4xx_hal_rcc.o
 .comment       0x00000043       0x44 ./Drivers/STM32F4xx_HAL_Driver/Src/stm32f4xx_hal_tim.o
 .comment       0x00000043       0x44 ./Drivers/STM32F4xx_HAL_Driver/Src/stm32f4xx_hal_tim_ex.o
 .comment       0x00000043       0x44 ./Drivers/STM32F4xx_HAL_Driver/Src/stm32f4xx_ll_usb.o
 .comment       0x00000043       0x44 ./Middlewares/ST/STM32_USB_Device_Library/Class/CDC/Src/usbd_cdc.o
 .comment       0x00000043       0x44 ./Middlewares/ST/STM32_USB_Device_Library/Core/Src/usbd_core.o
 .comment       0x00000043       0x44 ./Middlewares/ST/STM32_USB_Device_Library/Core/Src/usbd_ctlreq.o
 .comment       0x00000043       0x44 ./Middlewares/ST/STM32_USB_Device_Library/Core/Src/usbd_ioreq.o
 .comment       0x00000043       0x44 ./USB_DEVICE/App/usb_device.o